Component: ARM Compiler 5.06 update 7 (build 960) Tool: armlink [4d3601]

==============================================================================

Section Cross References

    startup_stm32f103xb.o(RESET) refers to startup_stm32f103xb.o(STACK) for __initial_sp
    startup_stm32f103xb.o(RESET) refers to startup_stm32f103xb.o(.text) for Reset_Handler
    startup_stm32f103xb.o(RESET) refers to stm32f1xx_it.o(i.NMI_Handler) for NMI_Handler
    startup_stm32f103xb.o(RESET) refers to stm32f1xx_it.o(i.HardFault_Handler) for HardFault_Handler
    startup_stm32f103xb.o(RESET) refers to stm32f1xx_it.o(i.MemManage_Handler) for MemManage_Handler
    startup_stm32f103xb.o(RESET) refers to stm32f1xx_it.o(i.BusFault_Handler) for BusFault_Handler
    startup_stm32f103xb.o(RESET) refers to stm32f1xx_it.o(i.UsageFault_Handler) for UsageFault_Handler
    startup_stm32f103xb.o(RESET) refers to port.o(.emb_text) for SVC_Handler
    startup_stm32f103xb.o(RESET) refers to stm32f1xx_it.o(i.DebugMon_Handler) for DebugMon_Handler
    startup_stm32f103xb.o(RESET) refers to cmsis_os2.o(i.SysTick_Handler) for SysTick_Handler
    startup_stm32f103xb.o(RESET) refers to stm32f1xx_it.o(i.TIM4_IRQHandler) for TIM4_IRQHandler
    startup_stm32f103xb.o(RESET) refers to stm32f1xx_it.o(i.USART1_IRQHandler) for USART1_IRQHandler
    startup_stm32f103xb.o(RESET) refers to stm32f1xx_it.o(i.USART3_IRQHandler) for USART3_IRQHandler
    startup_stm32f103xb.o(RESET) refers to stm32f1xx_it.o(i.EXTI15_10_IRQHandler) for EXTI15_10_IRQHandler
    startup_stm32f103xb.o(.text) refers to system_stm32f1xx.o(i.SystemInit) for SystemInit
    startup_stm32f103xb.o(.text) refers to entry.o(.ARM.Collect$$$$00000000) for __main
    main.o(i.HAL_TIM_PeriodElapsedCallback) refers to stm32f1xx_hal.o(i.HAL_IncTick) for HAL_IncTick
    main.o(i.MQTTSmart_handler) refers to printf6.o(i.__0printf$6) for __2printf
    main.o(i.MQTTSmart_handler) refers to mqttsmart.o(i.mqttsmart_parse) for mqttsmart_parse
    main.o(i.MQTTSmart_handler) refers to main.o(.conststring) for .conststring
    main.o(i.MQTTSmart_handler) refers to main.o(.constdata) for .constdata
    main.o(i.MQTT_Task) refers to printf6.o(i.__0printf$6) for __2printf
    main.o(i.MQTT_Task) refers to mqttclient.o(i.mqtt_lease) for mqtt_lease
    main.o(i.MQTT_Task) refers to mqttclient.o(i.mqtt_set_port) for mqtt_set_port
    main.o(i.MQTT_Task) refers to mqttclient.o(i.mqtt_set_host) for mqtt_set_host
    main.o(i.MQTT_Task) refers to random.o(i.random_string) for random_string
    main.o(i.MQTT_Task) refers to mqttclient.o(i.mqtt_set_client_id) for mqtt_set_client_id
    main.o(i.MQTT_Task) refers to mqttclient.o(i.mqtt_set_user_name) for mqtt_set_user_name
    main.o(i.MQTT_Task) refers to mqttclient.o(i.mqtt_set_password) for mqtt_set_password
    main.o(i.MQTT_Task) refers to mqttclient.o(i.mqtt_set_clean_session) for mqtt_set_clean_session
    main.o(i.MQTT_Task) refers to mqttclient.o(i.mqtt_connect) for mqtt_connect
    main.o(i.MQTT_Task) refers to mqttclient.o(i.mqtt_subscribe) for mqtt_subscribe
    main.o(i.MQTT_Task) refers to strlen.o(.text) for strlen
    main.o(i.MQTT_Task) refers to mqttclient.o(i.mqtt_publish) for mqtt_publish
    main.o(i.MQTT_Task) refers to tasks.o(i.vTaskDelay) for vTaskDelay
    main.o(i.MQTT_Task) refers to main.o(i.MQTTSmart_handler) for MQTTSmart_handler
    main.o(i.SystemClock_Config) refers to memseta.o(.text) for __aeabi_memclr4
    main.o(i.SystemClock_Config) refers to stm32f1xx_hal_rcc.o(i.HAL_RCC_OscConfig) for HAL_RCC_OscConfig
    main.o(i.SystemClock_Config) refers to stm32f1xx_hal_rcc.o(i.HAL_RCC_ClockConfig) for HAL_RCC_ClockConfig
    main.o(i.SystemClock_Config) refers to stm32f1xx_hal_rcc_ex.o(i.HAL_RCCEx_PeriphCLKConfig) for HAL_RCCEx_PeriphCLKConfig
    main.o(i.main) refers to stm32f1xx_hal.o(i.HAL_Init) for HAL_Init
    main.o(i.main) refers to main.o(i.SystemClock_Config) for SystemClock_Config
    main.o(i.main) refers to gpio.o(i.MX_GPIO_Init) for MX_GPIO_Init
    main.o(i.main) refers to i2c.o(i.MX_I2C1_Init) for MX_I2C1_Init
    main.o(i.main) refers to spi.o(i.MX_SPI1_Init) for MX_SPI1_Init
    main.o(i.main) refers to tim.o(i.MX_TIM1_Init) for MX_TIM1_Init
    main.o(i.main) refers to tim.o(i.MX_TIM2_Init) for MX_TIM2_Init
    main.o(i.main) refers to tim.o(i.MX_TIM3_Init) for MX_TIM3_Init
    main.o(i.main) refers to usart.o(i.MX_USART1_UART_Init) for MX_USART1_UART_Init
    main.o(i.main) refers to usart.o(i.MX_USART3_UART_Init) for MX_USART3_UART_Init
    main.o(i.main) refers to cmsis_os2.o(i.osKernelInitialize) for osKernelInitialize
    main.o(i.main) refers to freertos.o(i.MX_FREERTOS_Init) for MX_FREERTOS_Init
    main.o(i.main) refers to cmsis_os2.o(i.osKernelStart) for osKernelStart
    main.o(i.mqtt_publish_thread) refers to memseta.o(.text) for __aeabi_memclr4
    main.o(i.mqtt_publish_thread) refers to printf6.o(i.__0sprintf$6) for __2sprintf
[...]
    ADC1_2_IRQHandler                        0x080001b7   Thumb Code     0  startup_stm32f103xb.o(.text)
    CAN1_RX1_IRQHandler                      0x080001b7   Thumb Code     0  startup_stm32f103xb.o(.text)
    CAN1_SCE_IRQHandler                      0x080001b7   Thumb Code     0  startup_stm32f103xb.o(.text)
    DMA1_Channel1_IRQHandler                 0x080001b7   Thumb Code     0  startup_stm32f103xb.o(.text)
    DMA1_Channel2_IRQHandler                 0x080001b7   Thumb Code     0  startup_stm32f103xb.o(.text)
    DMA1_Channel3_IRQHandler                 0x080001b7   Thumb Code     0  startup_stm32f103xb.o(.text)
    DMA1_Channel4_IRQHandler                 0x080001b7   Thumb Code     0  startup_stm32f103xb.o(.text)
    DMA1_Channel5_IRQHandler                 0x080001b7   Thumb Code     0  startup_stm32f103xb.o(.text)
    DMA1_Channel6_IRQHandler                 0x080001b7   Thumb Code     0  startup_stm32f103xb.o(.text)
    DMA1_Channel7_IRQHandler                 0x080001b7   Thumb Code     0  startup_stm32f103xb.o(.text)
    EXTI0_IRQHandler                         0x080001b7   Thumb Code     0  startup_stm32f103xb.o(.text)
    EXTI1_IRQHandler                         0x080001b7   Thumb Code     0  startup_stm32f103xb.o(.text)
    EXTI2_IRQHandler                         0x080001b7   Thumb Code     0  startup_stm32f103xb.o(.text)
    EXTI3_IRQHandler                         0x080001b7   Thumb Code     0  startup_stm32f103xb.o(.text)
    EXTI4_IRQHandler                         0x080001b7   Thumb Code     0  startup_stm32f103xb.o(.text)
    EXTI9_5_IRQHandler                       0x080001b7   Thumb Code     0  startup_stm32f103xb.o(.text)
    FLASH_IRQHandler                         0x080001b7   Thumb Code     0  startup_stm32f103xb.o(.text)
    I2C1_ER_IRQHandler                       0x080001b7   Thumb Code     0  startup_stm32f103xb.o(.text)
    I2C1_EV_IRQHandler                       0x080001b7   Thumb Code     0  startup_stm32f103xb.o(.text)
    I2C2_ER_IRQHandler                       0x080001b7   Thumb Code     0  startup_stm32f103xb.o(.text)
    I2C2_EV_IRQHandler                       0x080001b7   Thumb Code     0  startup_stm32f103xb.o(.text)
    PVD_IRQHandler                           0x080001b7   Thumb Code     0  startup_stm32f103xb.o(.text)
    RCC_IRQHandler                           0x080001b7   Thumb Code     0  startup_stm32f103xb.o(.text)
    RTC_Alarm_IRQHandler                     0x080001b7   Thumb Code     0  startup_stm32f103xb.o(.text)
    RTC_IRQHandler                           0x080001b7   Thumb Code     0  startup_stm32f103xb.o(.text)
    SPI1_IRQHandler                          0x080001b7   Thumb Code     0  startup_stm32f103xb.o(.text)
    SPI2_IRQHandler                          0x080001b7   Thumb Code     0  startup_stm32f103xb.o(.text)
    TAMPER_IRQHandler                        0x080001b7   Thumb Code     0  startup_stm32f103xb.o(.text)
    TIM1_BRK_IRQHandler                      0x080001b7   Thumb Code     0  startup_stm32f103xb.o(.text)
    TIM1_CC_IRQHandler                       0x080001b7   Thumb Code     0  startup_stm32f103xb.o(.text)
    TIM1_TRG_COM_IRQHandler                  0x080001b7   Thumb Code     0  startup_stm32f103xb.o(.text)
    TIM1_UP_IRQHandler                       0x080001b7   Thumb Code     0  startup_stm32f103xb.o(.text)
    TIM2_IRQHandler                          0x080001b7   Thumb Code     0  startup_stm32f103xb.o(.text)
    TIM3_IRQHandler                          0x080001b7   Thumb Code     0  startup_stm32f103xb.o(.text)
    USART2_IRQHandler                        0x080001b7   Thumb Code     0  startup_stm32f103xb.o(.text)
    USBWakeUp_IRQHandler                     0x080001b7   Thumb Code     0  startup_stm32f103xb.o(.text)
    USB_HP_CAN1_TX_IRQHandler                0x080001b7   Thumb Code     0  startup_stm32f103xb.o(.text)
    USB_LP_CAN1_RX0_IRQHandler               0x080001b7   Thumb Code     0  startup_stm32f103xb.o(.text)
    WWDG_IRQHandler                          0x080001b7   Thumb Code     0  startup_stm32f103xb.o(.text)
    __aeabi_uldivmod                         0x080001c1   Thumb Code    98  uldiv.o(.text)
    __aeabi_llsr                             0x08000223   Thumb Code    32  llushr.o(.text)
    _ll_ushift_r                             0x08000223   Thumb Code     0  llushr.o(.text)
    rand                                     0x08000245   Thumb Code    20  rand.o(.text)
    srand                                    0x08000259   Thumb Code     6  rand.o(.text)
    __aeabi_memcpy                           0x08000269   Thumb Code    36  memcpya.o(.text)
    __aeabi_memcpy4                          0x08000269   Thumb Code     0  memcpya.o(.text)
    __aeabi_memcpy8                          0x08000269   Thumb Code     0  memcpya.o(.text)
    __aeabi_memset                           0x0800028d   Thumb Code    14  memseta.o(.text)
    __aeabi_memset4                          0x0800028d   Thumb Code     0  memseta.o(.text)
    __aeabi_memset8                          0x0800028d   Thumb Code     0  memseta.o(.text)
    __aeabi_memclr                           0x0800029b   Thumb Code     4  memseta.o(.text)
    __aeabi_memclr4                          0x0800029b   Thumb Code     0  memseta.o(.text)
    __aeabi_memclr8                          0x0800029b   Thumb Code     0  memseta.o(.text)
    memset                                   0x0800029f   Thumb Code    18  memseta.o(.text)
    strstr                                   0x080002b1   Thumb Code    36  strstr.o(.text)
    strlen                                   0x080002d5   Thumb Code    14  strlen.o(.text)
    strcpy                                   0x080002e3   Thumb Code    18  strcpy.o(.text)
    strncmp                                  0x080002f5   Thumb Code    30  strncmp.o(.text)
    __aeabi_uidiv                            0x08000313   Thumb Code     0  uidiv.o(.text)
    __aeabi_uidivmod                         0x08000313   Thumb Code    44  uidiv.o(.text)
    __aeabi_llsl                             0x0800033f   Thumb Code    30  llshl.o(.text)
    _ll_shift_l                              0x0800033f   Thumb Code     0  llshl.o(.text)
    __scatterload                            0x0800035d   Thumb Code    28  init.o(.text)
    __scatterload_rt2                        0x0800035d   Thumb Code     0  init.o(.text)
    AT_Init                                  0x08000381   Thumb Code    58  platform_esp8266_at.o(i.AT_Init)
    AT_Parse                                 0x080003c5   Thumb Code   148  platform_esp8266_at.o(i.AT_Parse)
    AT_Recv_data                             0x0800047d   Thumb Code    34  platform_esp8266_at.o(i.AT_Recv_data)
    AT_send_cmd                              0x080004a9   Thumb Code    80  platform_esp8266_at.o(i.AT_send_cmd)
    AT_send_data                             0x08000505   Thumb Code    34  platform_esp8266_at.o(i.AT_send_data)
    BSP_Init                                 0x0800052d   Thumb Code    60  freertos.o(i.BSP_Init)
    BusFault_Handler                         0x08000569   Thumb Code     2  stm32f1xx_it.o(i.BusFault_Handler)
    ColorLED_Init                            0x0800056b   Thumb Code     4  driver_color_led.o(i.ColorLED_Init)
    ColorLED_Set                             0x08000571   Thumb Code   158  driver_color_led.o(i.ColorLED_Set)
    DHT11_Init                               0x08000615   Thumb Code     6  driver_dht11.o(i.DHT11_Init)
    DebugMon_Handler                         0x08000635   Thumb Code     2  stm32f1xx_it.o(i.DebugMon_Handler)
    EXTI15_10_IRQHandler                     0x08000637   Thumb Code     8  stm32f1xx_it.o(i.EXTI15_10_IRQHandler)
    Error_Handler                            0x0800063f   Thumb Code     4  main.o(i.Error_Handler)
    Getspecialstring                         0x08000645   Thumb Code    70  platform_esp8266_at.o(i.Getspecialstring)
    HAL_AT_Recv                              0x080006b5   Thumb Code    30  hal_at.o(i.HAL_AT_Recv)
    HAL_AT_SENDcmd                           0x080006d9   Thumb Code    48  hal_at.o(i.HAL_AT_SENDcmd)
    HAL_DMA_Abort                            0x0800070d   Thumb Code    70  stm32f1xx_hal_dma.o(i.HAL_DMA_Abort)
    HAL_DMA_Abort_IT                         0x08000755   Thumb Code   148  stm32f1xx_hal_dma.o(i.HAL_DMA_Abort_IT)
    HAL_GPIO_EXTI_Callback                   0x080007ed   Thumb Code    22  driver_irq.o(i.HAL_GPIO_EXTI_Callback)
    HAL_GPIO_EXTI_IRQHandler                 0x08000805   Thumb Code    18  stm32f1xx_hal_gpio.o(i.HAL_GPIO_EXTI_IRQHandler)
    HAL_GPIO_Init                            0x0800081d   Thumb Code   446  stm32f1xx_hal_gpio.o(i.HAL_GPIO_Init)
    HAL_GPIO_ReadPin                         0x080009fd   Thumb Code    10  stm32f1xx_hal_gpio.o(i.HAL_GPIO_ReadPin)
    HAL_GPIO_WritePin                        0x08000a07   Thumb Code    10  stm32f1xx_hal_gpio.o(i.HAL_GPIO_WritePin)
    HAL_GetTick                              0x08000a11   Thumb Code     6  stm32f1xx_hal.o(i.HAL_GetTick)
    HAL_I2C_Init                             0x08000a1d   Thumb Code   376  stm32f1xx_hal_i2c.o(i.HAL_I2C_Init)
    HAL_I2C_Master_Transmit                  0x08000ba5   Thumb Code   290  stm32f1xx_hal_i2c.o(i.HAL_I2C_Master_Transmit)
    HAL_I2C_Mem_Write                        0x08000cd1   Thumb Code   294  stm32f1xx_hal_i2c.o(i.HAL_I2C_Mem_Write)
    HAL_I2C_MspInit                          0x08000e01   Thumb Code    80  i2c.o(i.HAL_I2C_MspInit)
    HAL_IncTick                              0x08000e5d   Thumb Code    12  stm32f1xx_hal.o(i.HAL_IncTick)
    HAL_Init                                 0x08000e6d   Thumb Code    32  stm32f1xx_hal.o(i.HAL_Init)
    HAL_InitTick                             0x08000e91   Thumb Code   132  stm32f1xx_hal_timebase_tim.o(i.HAL_InitTick)
    HAL_MspInit                              0x08000f29   Thumb Code    62  stm32f1xx_hal_msp.o(i.HAL_MspInit)
    HAL_NVIC_EnableIRQ                       0x08000f71   Thumb Code    26  stm32f1xx_hal_cortex.o(i.HAL_NVIC_EnableIRQ)
    HAL_NVIC_SetPriority                     0x08000f8d   Thumb Code    60  stm32f1xx_hal_cortex.o(i.HAL_NVIC_SetPriority)
    HAL_NVIC_SetPriorityGrouping             0x08000fcd   Thumb Code    26  stm32f1xx_hal_cortex.o(i.HAL_NVIC_SetPriorityGrouping)
    HAL_RCCEx_PeriphCLKConfig                0x08000ff1   Thumb Code   224  stm32f1xx_hal_rcc_ex.o(i.HAL_RCCEx_PeriphCLKConfig)
    HAL_RCC_ClockConfig                      0x080010dd   Thumb Code   280  stm32f1xx_hal_rcc.o(i.HAL_RCC_ClockConfig)
    HAL_RCC_GetClockConfig                   0x08001209   Thumb Code    54  stm32f1xx_hal_rcc.o(i.HAL_RCC_GetClockConfig)
    HAL_RCC_GetPCLK1Freq                     0x08001249   Thumb Code    20  stm32f1xx_hal_rcc.o(i.HAL_RCC_GetPCLK1Freq)
    HAL_RCC_GetPCLK2Freq                     0x08001269   Thumb Code    20  stm32f1xx_hal_rcc.o(i.HAL_RCC_GetPCLK2Freq)
    HAL_RCC_GetSysClockFreq                  0x08001289   Thumb Code    58  stm32f1xx_hal_rcc.o(i.HAL_RCC_GetSysClockFreq)
    HAL_RCC_OscConfig                        0x080012d5   Thumb Code   778  stm32f1xx_hal_rcc.o(i.HAL_RCC_OscConfig)
    HAL_SPI_Init                             0x080015f5   Thumb Code   178  stm32f1xx_hal_spi.o(i.HAL_SPI_Init)
    HAL_SPI_MspInit                          0x080016a9   Thumb Code    98  spi.o(i.HAL_SPI_MspInit)
    HAL_TIMEx_BreakCallback                  0x08001719   Thumb Code     2  stm32f1xx_hal_tim_ex.o(i.HAL_TIMEx_BreakCallback)
    HAL_TIMEx_CommutCallback                 0x0800171b   Thumb Code     2  stm32f1xx_hal_tim_ex.o(i.HAL_TIMEx_CommutCallback)
    HAL_TIMEx_ConfigBreakDeadTime            0x0800171d   Thumb Code    84  stm32f1xx_hal_tim_ex.o(i.HAL_TIMEx_ConfigBreakDeadTime)
    HAL_TIMEx_MasterConfigSynchronization    0x08001771   Thumb Code    92  stm32f1xx_hal_tim_ex.o(i.HAL_TIMEx_MasterConfigSynchronization)
    HAL_TIM_Base_Init                        0x080017d9   Thumb Code    90  stm32f1xx_hal_tim.o(i.HAL_TIM_Base_Init)
    HAL_TIM_Base_MspInit                     0x08001835   Thumb Code    52  tim.o(i.HAL_TIM_Base_MspInit)
    HAL_TIM_Base_Start_IT                    0x08001871   Thumb Code    76  stm32f1xx_hal_tim.o(i.HAL_TIM_Base_Start_IT)
    HAL_TIM_ConfigClockSource                0x080018c9   Thumb Code   220  stm32f1xx_hal_tim.o(i.HAL_TIM_ConfigClockSource)
    HAL_TIM_IC_CaptureCallback               0x080019a5   Thumb Code     2  stm32f1xx_hal_tim.o(i.HAL_TIM_IC_CaptureCallback)
    HAL_TIM_IRQHandler                       0x080019a7   Thumb Code   304  stm32f1xx_hal_tim.o(i.HAL_TIM_IRQHandler)
    HAL_TIM_MspPostInit                      0x08001ad9   Thumb Code   212  tim.o(i.HAL_TIM_MspPostInit)
    HAL_TIM_OC_DelayElapsedCallback          0x08001bc5   Thumb Code     2  stm32f1xx_hal_tim.o(i.HAL_TIM_OC_DelayElapsedCallback)
    HAL_TIM_PWM_ConfigChannel                0x08001bc7   Thumb Code   204  stm32f1xx_hal_tim.o(i.HAL_TIM_PWM_ConfigChannel)
    HAL_TIM_PWM_Init                         0x08001c93   Thumb Code    90  stm32f1xx_hal_tim.o(i.HAL_TIM_PWM_Init)
    HAL_TIM_PWM_MspInit                      0x08001ced   Thumb Code    30  tim.o(i.HAL_TIM_PWM_MspInit)
    HAL_TIM_PWM_PulseFinishedCallback        0x08001d15   Thumb Code     2  stm32f1xx_hal_tim.o(i.HAL_TIM_PWM_PulseFinishedCallback)
    HAL_TIM_PWM_Start                        0x08001d19   Thumb Code   144  stm32f1xx_hal_tim.o(i.HAL_TIM_PWM_Start)
    HAL_TIM_PWM_Stop                         0x08001db5   Thumb Code   108  stm32f1xx_hal_tim.o(i.HAL_TIM_PWM_Stop)
    HAL_TIM_PeriodElapsedCallback            0x08001e25   Thumb Code    14  main.o(i.HAL_TIM_PeriodElapsedCallback)
    HAL_TIM_TriggerCallback                  0x08001e39   Thumb Code     2  stm32f1xx_hal_tim.o(i.HAL_TIM_TriggerCallback)
    HAL_UARTEx_RxEventCallback               0x08001e3b   Thumb Code     2  stm32f1xx_hal_uart.o(i.HAL_UARTEx_RxEventCallback)
    HAL_UART_ErrorCallback                   0x08001e3d   Thumb Code     2  stm32f1xx_hal_uart.o(i.HAL_UART_ErrorCallback)
    HAL_UART_IRQHandler                      0x08001e41   Thumb Code   616  stm32f1xx_hal_uart.o(i.HAL_UART_IRQHandler)
    HAL_UART_Init                            0x080020ad   Thumb Code   100  stm32f1xx_hal_uart.o(i.HAL_UART_Init)
    HAL_UART_MspInit                         0x08002111   Thumb Code   198  usart.o(i.HAL_UART_MspInit)
    HAL_UART_Receive_IT                      0x080021ed   Thumb Code    28  stm32f1xx_hal_uart.o(i.HAL_UART_Receive_IT)
    HAL_UART_RxCpltCallback                  0x08002209   Thumb Code    86  usart.o(i.HAL_UART_RxCpltCallback)
    HAL_UART_Transmit                        0x08002279   Thumb Code   160  stm32f1xx_hal_uart.o(i.HAL_UART_Transmit)
    HAL_UART_TxCpltCallback                  0x08002319   Thumb Code     2  stm32f1xx_hal_uart.o(i.HAL_UART_TxCpltCallback)
    HardFault_Handler                        0x0800231b   Thumb Code     2  stm32f1xx_it.o(i.HardFault_Handler)
    IRReceiver_IRQ_Callback                  0x080027ad   Thumb Code   158  driver_ir_receiver.o(i.IRReceiver_IRQ_Callback)
    LCD_Clear                                0x08002865   Thumb Code     4  driver_lcd.o(i.LCD_Clear)
    LCD_Init                                 0x08002869   Thumb Code     4  driver_lcd.o(i.LCD_Init)
    Led_Control                              0x0800286d   Thumb Code    26  driver_led.o(i.Led_Control)
    MPU6050_Init                             0x0800288d   Thumb Code    54  driver_mpu6050.o(i.MPU6050_Init)
    MQTTDeserialize_ack                      0x080028e9   Thumb Code    72  mqttdeserializepublish.o(i.MQTTDeserialize_ack)
    MQTTDeserialize_connack                  0x08002931   Thumb Code    92  mqttconnectclient.o(i.MQTTDeserialize_connack)
    MQTTDeserialize_publish                  0x0800298d   Thumb Code   140  mqttdeserializepublish.o(i.MQTTDeserialize_publish)
    MQTTDeserialize_suback                   0x08002a19   Thumb Code   124  mqttsubscribeclient.o(i.MQTTDeserialize_suback)
    MQTTDeserialize_unsuback                 0x08002a95   Thumb Code    38  mqttunsubscribeclient.o(i.MQTTDeserialize_unsuback)
    MQTTPacket_decode                        0x08002abb   Thumb Code    54  mqttpacket.o(i.MQTTPacket_decode)
    MQTTPacket_decodeBuf                     0x08002af1   Thumb Code    10  mqttpacket.o(i.MQTTPacket_decodeBuf)
    MQTTPacket_encode                        0x08002b05   Thumb Code    42  mqttpacket.o(i.MQTTPacket_encode)
    MQTTPacket_equals                        0x08002b2f   Thumb Code    52  mqttpacket.o(i.MQTTPacket_equals)
    MQTTPacket_len                           0x08002b65   Thumb Code    34  mqttpacket.o(i.MQTTPacket_len)
    MQTTSerialize_ack                        0x08002b8d   Thumb Code    72  mqttserializepublish.o(i.MQTTSerialize_ack)
    MQTTSerialize_connect                    0x08002bd5   Thumb Code   262  mqttconnectclient.o(i.MQTTSerialize_connect)
    MQTTSerialize_connectLength              0x08002ced   Thumb Code   118  mqttconnectclient.o(i.MQTTSerialize_connectLength)
    MQTTSerialize_pingreq                    0x08002d63   Thumb Code     6  mqttconnectclient.o(i.MQTTSerialize_pingreq)
    MQTTSerialize_publish                    0x08002d69   Thumb Code   134  mqttserializepublish.o(i.MQTTSerialize_publish)
    MQTTSerialize_publishLength              0x08002def   Thumb Code    30  mqttserializepublish.o(i.MQTTSerialize_publishLength)
    MQTTSerialize_subscribe                  0x08002e0d   Thumb Code   140  mqttsubscribeclient.o(i.MQTTSerialize_subscribe)
    MQTTSerialize_subscribeLength            0x08002e99   Thumb Code    46  mqttsubscribeclient.o(i.MQTTSerialize_subscribeLength)
    MQTTSerialize_zero                       0x08002ec7   Thumb Code    50  mqttconnectclient.o(i.MQTTSerialize_zero)
    MQTT_Task                                0x08002f81   Thumb Code   150  main.o(i.MQTT_Task)
    MQTTstrlen                               0x080030c5   Thumb Code    14  mqttpacket.o(i.MQTTstrlen)
    MX_FREERTOS_Init                         0x080030d5   Thumb Code    50  freertos.o(i.MX_FREERTOS_Init)
    MX_GPIO_Init                             0x0800312d   Thumb Code   290  gpio.o(i.MX_GPIO_Init)
    MX_I2C1_Init                             0x08003265   Thumb Code    50  i2c.o(i.MX_I2C1_Init)
    MX_SPI1_Init                             0x080032a5   Thumb Code    62  spi.o(i.MX_SPI1_Init)
    MX_TIM1_Init                             0x080032ed   Thumb Code   198  tim.o(i.MX_TIM1_Init)
    MX_TIM2_Init                             0x080033bd   Thumb Code   182  tim.o(i.MX_TIM2_Init)
    MX_TIM3_Init                             0x08003479   Thumb Code   110  tim.o(i.MX_TIM3_Init)
    MX_USART1_UART_Init                      0x080034f1   Thumb Code    54  usart.o(i.MX_USART1_UART_Init)
    MX_USART3_UART_Init                      0x08003535   Thumb Code    68  usart.o(i.MX_USART3_UART_Init)
    MemManage_Handler                        0x08003589   Thumb Code     2  stm32f1xx_it.o(i.MemManage_Handler)
    NMI_Handler                              0x0800358b   Thumb Code     2  stm32f1xx_it.o(i.NMI_Handler)
    OLED_Clear                               0x0800358d   Thumb Code    42  driver_oled.o(i.OLED_Clear)
    OLED_Init                                0x080035b9   Thumb Code   142  driver_oled.o(i.OLED_Init)
    OLED_SetPosition                         0x08003679   Thumb Code    58  driver_oled.o(i.OLED_SetPosition)
    PassiveBuzzer_Control                    0x08003701   Thumb Code    20  driver_passive_buzzer.o(i.PassiveBuzzer_Control)
    PassiveBuzzer_Init                       0x08003719   Thumb Code    92  driver_passive_buzzer.o(i.PassiveBuzzer_Init)
    Processr_recv_data                       0x08003781   Thumb Code   104  platform_esp8266_at.o(i.Processr_recv_data)
    RotaryEncoder_IRQ_Callback               0x08003839   Thumb Code    96  driver_rotary_encoder.o(i.RotaryEncoder_IRQ_Callback)
    SysTick_Handler                          0x080038a5   Thumb Code    26  cmsis_os2.o(i.SysTick_Handler)
    SystemClock_Config                       0x080038bf   Thumb Code   124  main.o(i.SystemClock_Config)
    SystemInit                               0x0800393b   Thumb Code     2  system_stm32f1xx.o(i.SystemInit)
    TIM4_IRQHandler                          0x0800393d   Thumb Code     6  stm32f1xx_it.o(i.TIM4_IRQHandler)
    TIM_Base_SetConfig                       0x08003949   Thumb Code   108  stm32f1xx_hal_tim.o(i.TIM_Base_SetConfig)
    TIM_CCxChannelCmd                        0x080039c1   Thumb Code    26  stm32f1xx_hal_tim.o(i.TIM_CCxChannelCmd)
    TIM_ETR_SetConfig                        0x080039db   Thumb Code    20  stm32f1xx_hal_tim.o(i.TIM_ETR_SetConfig)
    TIM_OC2_SetConfig                        0x08003a51   Thumb Code    84  stm32f1xx_hal_tim.o(i.TIM_OC2_SetConfig)
    UART_Start_Receive_IT                    0x08003d65   Thumb Code    54  stm32f1xx_hal_uart.o(i.UART_Start_Receive_IT)
    USART1_IRQHandler                        0x08003e0d   Thumb Code     6  stm32f1xx_it.o(i.USART1_IRQHandler)
    USART3_IRQHandler                        0x08003e19   Thumb Code     6  stm32f1xx_it.o(i.USART3_IRQHandler)
    UsageFault_Handler                       0x08003e25   Thumb Code     2  stm32f1xx_it.o(i.UsageFault_Handler)
    __0printf$6                              0x08003e29   Thumb Code    22  printf6.o(i.__0printf$6)
    __1printf$6                              0x08003e29   Thumb Code     0  printf6.o(i.__0printf$6)
    __2printf                                0x08003e29   Thumb Code     0  printf6.o(i.__0printf$6)
    __0sprintf$6                             0x08003e49   Thumb Code    34  printf6.o(i.__0sprintf$6)
    __1sprintf$6                             0x08003e49   Thumb Code     0  printf6.o(i.__0sprintf$6)
    __2sprintf                               0x08003e49   Thumb Code     0  printf6.o(i.__0sprintf$6)
    __scatterload_copy                       0x08003e91   Thumb Code    14  handlers.o(i.__scatterload_copy)
    __scatterload_null                       0x08003e9f   Thumb Code     2  handlers.o(i.__scatterload_null)
    __scatterload_zeroinit                   0x08003ea1   Thumb Code    14  handlers.o(i.__scatterload_zeroinit)
    bufchar                                  0x08004205   Thumb Code    30  mqttpacket.o(i.bufchar)
    circle_buf_init                          0x08004229   Thumb Code    12  circle_buffer.o(i.circle_buf_init)
    circle_buf_read                          0x08004235   Thumb Code    44  circle_buffer.o(i.circle_buf_read)
    circle_buf_write                         0x08004261   Thumb Code    38  circle_buffer.o(i.circle_buf_write)
    fputc                                    0x080042fd   Thumb Code    22  driver_uart.o(i.fputc)
    main                                     0x08004319   Thumb Code    54  main.o(i.main)
    mdelay                                   0x0800434f   Thumb Code    26  driver_timer.o(i.mdelay)
    mqtt_connect                             0x08004613   Thumb Code     4  mqttclient.o(i.mqtt_connect)
    mqtt_keep_alive                          0x08004a59   Thumb Code   122  mqttclient.o(i.mqtt_keep_alive)
    mqtt_lease                               0x08004b05   Thumb Code    38  mqttclient.o(i.mqtt_lease)
    mqtt_list_add_tail                       0x08004b2b   Thumb Code    10  mqtt_list.o(i.mqtt_list_add_tail)
    mqtt_list_del                            0x08004b35   Thumb Code     8  mqtt_list.o(i.mqtt_list_del)
    mqtt_list_del_init                       0x08004b3d   Thumb Code    14  mqtt_list.o(i.mqtt_list_del_init)
    mqtt_list_init                           0x08004b4b   Thumb Code     6  mqtt_list.o(i.mqtt_list_init)
    mqtt_list_is_empty                       0x08004b51   Thumb Code    14  mqtt_list.o(i.mqtt_list_is_empty)
    mqtt_publish                             0x08004d1d   Thumb Code   320  mqttclient.o(i.mqtt_publish)
    mqtt_set_clean_session                   0x08005281   Thumb Code    42  mqttclient.o(i.mqtt_set_clean_session)
    mqtt_set_client_id                       0x08005309   Thumb Code    34  mqttclient.o(i.mqtt_set_client_id)
    mqtt_set_host                            0x080053a5   Thumb Code    34  mqttclient.o(i.mqtt_set_host)
    mqtt_set_password                        0x08005425   Thumb Code    34  mqttclient.o(i.mqtt_set_password)
    mqtt_set_port                            0x080054a5   Thumb Code    34  mqttclient.o(i.mqtt_set_port)
    mqtt_set_user_name                       0x08005525   Thumb Code    34  mqttclient.o(i.mqtt_set_user_name)
    mqtt_subscribe                           0x08005639   Thumb Code   178  mqttclient.o(i.mqtt_subscribe)
    mqttsmart_parse                          0x08005bd1   Thumb Code   100  mqttsmart.o(i.mqttsmart_parse)
    nettype_tcp_connect                      0x08005c65   Thumb Code    24  nettype_tcp.o(i.nettype_tcp_connect)
    nettype_tcp_disconnect                   0x08005c7d   Thumb Code    20  nettype_tcp.o(i.nettype_tcp_disconnect)
    nettype_tcp_read                         0x08005c91   Thumb Code     6  nettype_tcp.o(i.nettype_tcp_read)
    nettype_tcp_write                        0x08005c97   Thumb Code     6  nettype_tcp.o(i.nettype_tcp_write)
    network_connect                          0x08005c9d   Thumb Code     4  network.o(i.network_connect)
    network_disconnect                       0x08005ca1   Thumb Code     4  network.o(i.network_disconnect)
    network_init                             0x08005ca5   Thumb Code    20  network.o(i.network_init)
    network_read                             0x08005cb9   Thumb Code     4  network.o(i.network_read)
    network_release                          0x08005cbd   Thumb Code    26  network.o(i.network_release)
    network_write                            0x08005cd7   Thumb Code     4  network.o(i.network_write)
    osKernelInitialize                       0x08005cdd   Thumb Code    32  cmsis_os2.o(i.osKernelInitialize)
    osKernelStart                            0x08005d01   Thumb Code    48  cmsis_os2.o(i.osKernelStart)
    platform_memory_alloc                    0x08005d39   Thumb Code    22  platform_memory.o(i.platform_memory_alloc)
    platform_memory_free                     0x08005d4f   Thumb Code     4  platform_memory.o(i.platform_memory_free)
    platform_mutex_init                      0x08005d53   Thumb Code    30  platform_mutex.o(i.platform_mutex_init)
    platform_mutex_lock                      0x08005d71   Thumb Code    10  platform_mutex.o(i.platform_mutex_lock)
    platform_mutex_lock_timeout              0x08005d7b   Thumb Code     6  platform_mutex.o(i.platform_mutex_lock_timeout)
    platform_mutex_unlock                    0x08005d81   Thumb Code    12  platform_mutex.o(i.platform_mutex_unlock)
    platform_net_socket_close                0x08005d8d   Thumb Code    22  platform_net_socket.o(i.platform_net_socket_close)
    platform_net_socket_connect              0x08005db1   Thumb Code   186  platform_net_socket.o(i.platform_net_socket_connect)
    platform_net_socket_recv_timeout         0x08005f85   Thumb Code    38  platform_net_socket.o(i.platform_net_socket_recv_timeout)
    platform_net_socket_write_timeout        0x08005fad   Thumb Code    92  platform_net_socket.o(i.platform_net_socket_write_timeout)
    platform_thread_destroy                  0x08006059   Thumb Code    22  platform_thread.o(i.platform_thread_destroy)
    platform_thread_init                     0x0800606f   Thumb Code    56  platform_thread.o(i.platform_thread_init)
    platform_thread_start                    0x080060a7   Thumb Code     6  platform_thread.o(i.platform_thread_start)
    platform_thread_startup                  0x080060ad   Thumb Code     2  platform_thread.o(i.platform_thread_startup)
    platform_thread_stop                     0x080060af   Thumb Code     6  platform_thread.o(i.platform_thread_stop)
    platform_timer_cutdown                   0x080060b5   Thumb Code    16  platform_timer.o(i.platform_timer_cutdown)
    platform_timer_init                      0x080060c5   Thumb Code     6  platform_timer.o(i.platform_timer_init)
    platform_timer_is_expired                0x080060cb   Thumb Code    22  platform_timer.o(i.platform_timer_is_expired)
    platform_timer_now                       0x080060e1   Thumb Code     4  platform_timer.o(i.platform_timer_now)
    platform_timer_remain                    0x080060e5   Thumb Code    22  platform_timer.o(i.platform_timer_remain)
    platform_timer_usleep                    0x080060fb   Thumb Code     4  platform_timer.o(i.platform_timer_usleep)
    pvPortMalloc                             0x080068e5   Thumb Code   216  heap_4.o(i.pvPortMalloc)
    pvTaskIncrementMutexHeldCount            0x080069c1   Thumb Code    18  tasks.o(i.pvTaskIncrementMutexHeldCount)
    pxPortInitialiseStack                    0x080069d9   Thumb Code    32  port.o(i.pxPortInitialiseStack)
    random_number                            0x080069fd   Thumb Code    42  random.o(i.random_number)
    random_string                            0x08006a2d   Thumb Code   180  random.o(i.random_string)
    readChar                                 0x08006ae5   Thumb Code    12  mqttpacket.o(i.readChar)
    readInt                                  0x08006af1   Thumb Code    18  mqttpacket.o(i.readInt)
    readMQTTLenString                        0x08006b03   Thumb Code    52  mqttpacket.o(i.readMQTTLenString)
    sg90_Init                                0x08006b39   Thumb Code     8  driver_sg90.o(i.sg90_Init)
    sg90_SetAngle                            0x08006b45   Thumb Code    30  driver_sg90.o(i.sg90_SetAngle)
    system_get_ns                            0x08006b69   Thumb Code    58  driver_timer.o(i.system_get_ns)
    uart3_write                              0x08006bad   Thumb Code    26  usart.o(i.uart3_write)
    udelay                                   0x08006bcd   Thumb Code    52  driver_timer.o(i.udelay)
    ulTaskNotifyTake                         0x08006c05   Thumb Code    96  tasks.o(i.ulTaskNotifyTake)
    uxListRemove                             0x08006c6d   Thumb Code    38  list.o(i.uxListRemove)
    vApplicationGetIdleTaskMemory            0x08006c95   Thumb Code    16  cmsis_os2.o(i.vApplicationGetIdleTaskMemory)
    vApplicationGetTimerTaskMemory           0x08006ca9   Thumb Code    18  cmsis_os2.o(i.vApplicationGetTimerTaskMemory)
    vApplicationIdleHook                     0x08006cc1   Thumb Code     2  cmsis_os2.o(i.vApplicationIdleHook)
    vListInitialise                          0x08006cc3   Thumb Code    22  list.o(i.vListInitialise)
    vListInitialiseItem                      0x08006cd9   Thumb Code     6  list.o(i.vListInitialiseItem)
    vListInsert                              0x08006cdf   Thumb Code    48  list.o(i.vListInsert)
    vListInsertEnd                           0x08006d0f   Thumb Code    24  list.o(i.vListInsertEnd)
    vPortEnterCritical                       0x08006d29   Thumb Code    54  port.o(i.vPortEnterCritical)
    vPortExitCritical                        0x08006d69   Thumb Code    34  port.o(i.vPortExitCritical)
    vPortFree                                0x08006d91   Thumb Code    94  heap_4.o(i.vPortFree)
    vPortSetupTimerInterrupt                 0x08006df5   Thumb Code    32  port.o(i.vPortSetupTimerInterrupt)
    vPortValidateInterruptPriority           0x08006e19   Thumb Code    74  port.o(i.vPortValidateInterruptPriority)
    vQueueAddToRegistry                      0x08006e6d   Thumb Code    34  queue.o(i.vQueueAddToRegistry)
    vQueueWaitForMessageRestricted           0x08006e95   Thumb Code    68  queue.o(i.vQueueWaitForMessageRestricted)
    vTaskDelay                               0x08006ed9   Thumb Code    66  tasks.o(i.vTaskDelay)
    vTaskDelete                              0x08006f25   Thumb Code   130  tasks.o(i.vTaskDelete)
    vTaskInternalSetTimeOutState             0x08006fb5   Thumb Code    12  tasks.o(i.vTaskInternalSetTimeOutState)
    vTaskMissedYield                         0x08006fc5   Thumb Code     8  tasks.o(i.vTaskMissedYield)
    vTaskNotifyGiveFromISR                   0x08006fd1   Thumb Code   162  tasks.o(i.vTaskNotifyGiveFromISR)
    vTaskPlaceOnEventList                    0x08007081   Thumb Code    44  tasks.o(i.vTaskPlaceOnEventList)
    vTaskPlaceOnEventListRestricted          0x080070b1   Thumb Code    52  tasks.o(i.vTaskPlaceOnEventListRestricted)
    vTaskPriorityDisinheritAfterTimeout      0x080070e9   Thumb Code   134  tasks.o(i.vTaskPriorityDisinheritAfterTimeout)
    vTaskResume                              0x08007179   Thumb Code   110  tasks.o(i.vTaskResume)
    vTaskStartScheduler                      0x080071f5   Thumb Code   118  tasks.o(i.vTaskStartScheduler)
    vTaskSuspend                             0x0800727d   Thumb Code   144  tasks.o(i.vTaskSuspend)
    vTaskSuspendAll                          0x08007319   Thumb Code    10  tasks.o(i.vTaskSuspendAll)
    vTaskSwitchContext                       0x08007329   Thumb Code    90  tasks.o(i.vTaskSwitchContext)
    writeCString                             0x0800738d   Thumb Code    40  mqttpacket.o(i.writeCString)
    writeChar                                0x080073b5   Thumb Code    12  mqttpacket.o(i.writeChar)
    writeInt                                 0x080073c1   Thumb Code    30  mqttpacket.o(i.writeInt)
    writeMQTTString                          0x080073df   Thumb Code    54  mqttpacket.o(i.writeMQTTString)
    xPortStartScheduler                      0x08007415   Thumb Code   154  port.o(i.xPortStartScheduler)
    xPortSysTickHandler                      0x080074bd   Thumb Code    38  port.o(i.xPortSysTickHandler)
    xQueueCreateMutex                        0x080074e9   Thumb Code    22  queue.o(i.xQueueCreateMutex)
    xQueueGenericCreate                      0x080074ff   Thumb Code    66  queue.o(i.xQueueGenericCreate)
    xQueueGenericCreateStatic                0x08007541   Thumb Code   102  queue.o(i.xQueueGenericCreateStatic)
    xQueueGenericReset                       0x080075a9   Thumb Code   132  queue.o(i.xQueueGenericReset)
    xQueueGenericSend                        0x08007631   Thumb Code   346  queue.o(i.xQueueGenericSend)
    xQueueGenericSendFromISR                 0x08007791   Thumb Code   190  queue.o(i.xQueueGenericSendFromISR)
    xQueueReceive                            0x08007851   Thumb Code   308  queue.o(i.xQueueReceive)
    xQueueSemaphoreTake                      0x08007989   Thumb Code   372  queue.o(i.xQueueSemaphoreTake)
    xTaskCheckForTimeOut                     0x08007b01   Thumb Code   112  tasks.o(i.xTaskCheckForTimeOut)
    xTaskCreate                              0x08007b75   Thumb Code    90  tasks.o(i.xTaskCreate)
    xTaskCreateStatic                        0x08007bcf   Thumb Code    86  tasks.o(i.xTaskCreateStatic)
    xTaskGetSchedulerState                   0x08007c25   Thumb Code    22  tasks.o(i.xTaskGetSchedulerState)
    xTaskGetTickCount                        0x08007c41   Thumb Code     6  tasks.o(i.xTaskGetTickCount)
    xTaskIncrementTick                       0x08007c4d   Thumb Code   192  tasks.o(i.xTaskIncrementTick)
    xTaskPriorityDisinherit                  0x08007d15   Thumb Code   118  tasks.o(i.xTaskPriorityDisinherit)
    xTaskPriorityInherit                     0x08007d95   Thumb Code   112  tasks.o(i.xTaskPriorityInherit)
    xTaskRemoveFromEventList                 0x08007e0d   Thumb Code    98  tasks.o(i.xTaskRemoveFromEventList)
    xTaskResumeAll                           0x08007e7d   Thumb Code   182  tasks.o(i.xTaskResumeAll)
    xTimerCreateTimerTask                    0x08007f41   Thumb Code    78  timers.o(i.xTimerCreateTimerTask)
    xTimerGenericCommand                     0x08007fa1   Thumb Code    98  timers.o(i.xTimerGenericCommand)
    AHBPrescTable                            0x0800802c   Data          16  system_stm32f1xx.o(.constdata)
    APBPrescTable                            0x0800803c   Data           8  system_stm32f1xx.o(.constdata)
    Region$$Table$$Base                      0x08008464   Number         0  anon$$obj.o(Region$$Table)
    Region$$Table$$Limit                     0x08008484   Number         0  anon$$obj.o(Region$$Table)
    AT_pars_handle                           0x20000000   Data           4  freertos.o(.data)
    uwTickFreq                               0x20000008   Data           1  stm32f1xx_hal.o(.data)
    uwTickPrio                               0x2000000c   Data           4  stm32f1xx_hal.o(.data)
    uwTick                                   0x20000010   Data           4  stm32f1xx_hal.o(.data)
    SystemCoreClock                          0x20000014   Data           4  system_stm32f1xx.o(.data)
    pxCurrentTCB                             0x20000064   Data           4  tasks.o(.data)
    g_at_typte                               0x200000ec   Data           1  platform_esp8266_at.o(.data)
    g_at_send_mutex                          0x200000f0   Data           4  platform_esp8266_at.o(.data)
    g_at_rece_mutex                          0x200000f4   Data           4  platform_esp8266_at.o(.data)
    g_at_send_mutex_x                        0x200000f8   Data           4  platform_esp8266_at.o(.data)
    __stdout                                 0x20000108   Data           4  stdout.o(.data)
    hi2c1                                    0x2000010c   Data          84  i2c.o(.bss)
    hspi1                                    0x20000160   Data          88  spi.o(.bss)
    htim1                                    0x200001b8   Data          72  tim.o(.bss)
    htim2                                    0x20000200   Data          72  tim.o(.bss)
    htim3                                    0x20000248   Data          72  tim.o(.bss)
    g_circle_buff                            0x20000490   Data          16  usart.o(.bss)
    huart1                                   0x200004a0   Data          72  usart.o(.bss)
    huart3                                   0x200004e8   Data          72  usart.o(.bss)
    htim4                                    0x20000530   Data          72  stm32f1xx_hal_timebase_tim.o(.bss)
    xQueueRegistry                           0x20000818   Data          64  queue.o(.bss)
    g_AT_process_data_buff                   0x200034ac   Data          16  platform_esp8266_at.o(.bss)
    __initial_sp                             0x200039c0   Data           0  startup_stm32f103xb.o(STACK)



==============================================================================

Memory Map of the image

  Image Entry point : 0x080000ed

  Load Region LR_IROM1 (Base: 0x08000000, Size: 0x00008590, Max: 0x00010000, ABSOLUTE)

    Execution Region ER_IROM1 (Exec base: 0x08000000, Load base: 0x08000000, Size: 0x00008484, Max: 0x00010000, ABSOLUTE)

    Exec Addr    Load Addr    Size         Type   Attr      Idx    E Section Name        Object

    0x08000000   0x08000000   0x000000ec   Data   RO            3    RESET               startup_stm32f103xb.o
    0x080000ec   0x080000ec   0x00000000   Code   RO         9162  * .ARM.Collect$$$$00000000  mc_w.l(entry.o)
    0x080000ec   0x080000ec   0x00000004   Code   RO         9459    .ARM.Collect$$$$00000001  mc_w.l(entry2.o)
    0x080000f0   0x080000f0   0x00000004   Code   RO         9462    .ARM.Collect$$$$00000004  mc_w.l(entry5.o)
    0x080000f4   0x080000f4   0x00000000   Code   RO         9464    .ARM.Collect$$$$00000008  mc_w.l(entry7b.o)
    0x080000f4   0x080000f4   0x00000000   Code   RO         9466    .ARM.Collect$$$$0000000A  mc_w.l(entry8b.o)
    0x080000f4   0x080000f4   0x00000008   Code   RO         9467    .ARM.Collect$$$$0000000B  mc_w.l(entry9a.o)
    0x080000fc   0x080000fc   0x00000004   Code   RO         9474    .ARM.Collect$$$$0000000E  mc_w.l(entry12b.o)
    0x08000100   0x08000100   0x00000000   Code   RO         9469    .ARM.Collect$$$$0000000F  mc_w.l(entry10a.o)
    0x08000100   0x08000100   0x00000000   Code   RO         9471    .ARM.Collect$$$$00000011  mc_w.l(entry11a.o)
    0x08000100   0x08000100   0x00000004   Code   RO         9460    .ARM.Collect$$$$00002712  mc_w.l(entry2.o)
    0x08000104   0x08000104   0x00000096   Code   RO         7649    .emb_text           port.o
    0x0800019a   0x0800019a   0x00000002   PAD
    0x0800019c   0x0800019c   0x00000024   Code   RO            4    .text               startup_stm32f103xb.o
    0x080001c0   0x080001c0   0x00000062   Code   RO         9165    .text               mc_w.l(uldiv.o)
    0x08000222   0x08000222   0x00000020   Code   RO         9167    .text               mc_w.l(llushr.o)
    0x08000242   0x08000242   0x00000002   PAD
    0x08000244   0x08000244   0x00000024   Code   RO         9169    .text               mc_w.l(rand.o)
    0x08000268   0x08000268   0x00000024   Code   RO         9172    .text               mc_w.l(memcpya.o)
    0x0800028c   0x0800028c   0x00000024   Code   RO         9176    .text               mc_w.l(memseta.o)
    0x080002b0   0x080002b0   0x00000024   Code   RO         9178    .text               mc_w.l(strstr.o)
    0x080002d4   0x080002d4   0x0000000e   Code   RO         9180    .text               mc_w.l(strlen.o)
    0x080002e2   0x080002e2   0x00000012   Code   RO         9184    .text               mc_w.l(strcpy.o)
    0x080002f4   0x080002f4   0x0000001e   Code   RO         9186    .text               mc_w.l(strncmp.o)
    0x08000312   0x08000312   0x0000002c   Code   RO         9476    .text               mc_w.l(uidiv.o)
    0x0800033e   0x0800033e   0x0000001e   Code   RO         9478    .text               mc_w.l(llshl.o)
    0x0800035c   0x0800035c   0x00000024   Code   RO         9491    .text               mc_w.l(init.o)
    0x08000380   0x08000380   0x00000044   Code   RO         9052    i.AT_Init           platform_esp8266_at.o
    0x080003c4   0x080003c4   0x000000b8   Code   RO         9053    i.AT_Parse          platform_esp8266_at.o
    0x0800047c   0x0800047c   0x0000002c   Code   RO         9054    i.AT_Recv_data      platform_esp8266_at.o
    0x080004a8   0x080004a8   0x0000005c   Code   RO         9055    i.AT_send_cmd       platform_esp8266_at.o
    0x08000504   0x08000504   0x00000028   Code   RO         9056    i.AT_send_data      platform_esp8266_at.o
    0x0800052c   0x0800052c   0x0000003c   Code   RO          417    i.BSP_Init          freertos.o
    0x08000568   0x08000568   0x00000002   Code   RO          790    i.BusFault_Handler  stm32f1xx_it.o
    0x0800056a   0x0800056a   0x00000004   Code   RO         5351    i.ColorLED_Init     driver_color_led.o
    0x0800056e   0x0800056e   0x00000002   PAD
    0x08000570   0x08000570   0x000000a4   Code   RO         5352    i.ColorLED_Set      driver_color_led.o
    0x08000614   0x08000614   0x00000006   Code   RO         5207    i.DHT11_Init        driver_dht11.o
    0x0800061a   0x0800061a   0x00000002   PAD
    0x0800061c   0x0800061c   0x00000018   Code   RO         5209    i.DHT11_PinSet      driver_dht11.o
    0x08000634   0x08000634   0x00000002   Code   RO          791    i.DebugMon_Handler  stm32f1xx_it.o
    0x08000636   0x08000636   0x00000008   Code   RO          792    i.EXTI15_10_IRQHandler  stm32f1xx_it.o
    0x0800063e   0x0800063e   0x00000004   Code   RO           13    i.Error_Handler     main.o
    0x08000642   0x08000642   0x00000002   PAD
    0x08000644   0x08000644   0x00000070   Code   RO         9058    i.Getspecialstring  platform_esp8266_at.o
    0x080006b4   0x080006b4   0x00000024   Code   RO         9134    i.HAL_AT_Recv       hal_at.o
    0x080006d8   0x080006d8   0x00000034   Code   RO         9135    i.HAL_AT_SENDcmd    hal_at.o
    0x0800070c   0x0800070c   0x00000046   Code   RO         2616    i.HAL_DMA_Abort     stm32f1xx_hal_dma.o
    0x08000752   0x08000752   0x00000002   PAD
    0x08000754   0x08000754   0x00000098   Code   RO         2617    i.HAL_DMA_Abort_IT  stm32f1xx_hal_dma.o
    0x080007ec   0x080007ec   0x00000016   Code   RO         5752    i.HAL_GPIO_EXTI_Callback  driver_irq.o
    0x08000802   0x08000802   0x00000002   PAD
    0x08000804   0x08000804   0x00000018   Code   RO         2551    i.HAL_GPIO_EXTI_IRQHandler  stm32f1xx_hal_gpio.o
    0x0800081c   0x0800081c   0x000001e0   Code   RO         2552    i.HAL_GPIO_Init     stm32f1xx_hal_gpio.o
    0x080009fc   0x080009fc   0x0000000a   Code   RO         2554    i.HAL_GPIO_ReadPin  stm32f1xx_hal_gpio.o
    0x08000a06   0x08000a06   0x0000000a   Code   RO         2556    i.HAL_GPIO_WritePin  stm32f1xx_hal_gpio.o
    0x08000a10   0x08000a10   0x0000000c   Code   RO         2246    i.HAL_GetTick       stm32f1xx_hal.o
    0x08000a1c   0x08000a1c   0x00000188   Code   RO         3223    i.HAL_I2C_Init      stm32f1xx_hal_i2c.o
    0x08000ba4   0x08000ba4   0x0000012c   Code   RO         3236    i.HAL_I2C_Master_Transmit  stm32f1xx_hal_i2c.o
    0x08000cd0   0x08000cd0   0x00000130   Code   RO         3244    i.HAL_I2C_Mem_Write  stm32f1xx_hal_i2c.o
    0x08000e00   0x08000e00   0x0000005c   Code   RO          531    i.HAL_I2C_MspInit   i2c.o
    0x08000e5c   0x08000e5c   0x00000010   Code   RO         2252    i.HAL_IncTick       stm32f1xx_hal.o
    0x08000e6c   0x08000e6c   0x00000024   Code   RO         2253    i.HAL_Init          stm32f1xx_hal.o
    0x08000e90   0x08000e90   0x00000098   Code   RO          896    i.HAL_InitTick      stm32f1xx_hal_timebase_tim.o
    0x08000f28   0x08000f28   0x00000048   Code   RO          872    i.HAL_MspInit       stm32f1xx_hal_msp.o
    0x08000f70   0x08000f70   0x0000001a   Code   RO         2712    i.HAL_NVIC_EnableIRQ  stm32f1xx_hal_cortex.o
    0x08000f8a   0x08000f8a   0x00000002   PAD
    0x08000f8c   0x08000f8c   0x00000040   Code   RO         2718    i.HAL_NVIC_SetPriority  stm32f1xx_hal_cortex.o
    0x08000fcc   0x08000fcc   0x00000024   Code   RO         2719    i.HAL_NVIC_SetPriorityGrouping  stm32f1xx_hal_cortex.o
    0x08000ff0   0x08000ff0   0x000000ec   Code   RO         2514    i.HAL_RCCEx_PeriphCLKConfig  stm32f1xx_hal_rcc_ex.o
    0x080010dc   0x080010dc   0x0000012c   Code   RO         2410    i.HAL_RCC_ClockConfig  stm32f1xx_hal_rcc.o
    0x08001208   0x08001208   0x00000040   Code   RO         2414    i.HAL_RCC_GetClockConfig  stm32f1xx_hal_rcc.o
    0x08001248   0x08001248   0x00000020   Code   RO         2417    i.HAL_RCC_GetPCLK1Freq  stm32f1xx_hal_rcc.o
    0x08001268   0x08001268   0x00000020   Code   RO         2418    i.HAL_RCC_GetPCLK2Freq  stm32f1xx_hal_rcc.o
    0x08001288   0x08001288   0x0000004c   Code   RO         2419    i.HAL_RCC_GetSysClockFreq  stm32f1xx_hal_rcc.o
    0x080012d4   0x080012d4   0x00000320   Code   RO         2422    i.HAL_RCC_OscConfig  stm32f1xx_hal_rcc.o
    0x080015f4   0x080015f4   0x000000b2   Code   RO         3660    i.HAL_SPI_Init      stm32f1xx_hal_spi.o
    0x080016a6   0x080016a6   0x00000002   PAD
    0x080016a8   0x080016a8   0x00000070   Code   RO          573    i.HAL_SPI_MspInit   spi.o
    0x08001718   0x08001718   0x00000002   Code   RO         1692    i.HAL_TIMEx_BreakCallback  stm32f1xx_hal_tim_ex.o
    0x0800171a   0x0800171a   0x00000002   Code   RO         1693    i.HAL_TIMEx_CommutCallback  stm32f1xx_hal_tim_ex.o
    0x0800171c   0x0800171c   0x00000054   Code   RO         1695    i.HAL_TIMEx_ConfigBreakDeadTime  stm32f1xx_hal_tim_ex.o
    0x08001770   0x08001770   0x00000068   Code   RO         1711    i.HAL_TIMEx_MasterConfigSynchronization  stm32f1xx_hal_tim_ex.o
    0x080017d8   0x080017d8   0x0000005a   Code   RO          988    i.HAL_TIM_Base_Init  stm32f1xx_hal_tim.o
    0x08001832   0x08001832   0x00000002   PAD
    0x08001834   0x08001834   0x0000003c   Code   RO          657    i.HAL_TIM_Base_MspInit  tim.o
    0x08001870   0x08001870   0x00000058   Code   RO          993    i.HAL_TIM_Base_Start_IT  stm32f1xx_hal_tim.o
    0x080018c8   0x080018c8   0x000000dc   Code   RO          997    i.HAL_TIM_ConfigClockSource  stm32f1xx_hal_tim.o
    0x080019a4   0x080019a4   0x00000002   Code   RO         1022    i.HAL_TIM_IC_CaptureCallback  stm32f1xx_hal_tim.o
    0x080019a6   0x080019a6   0x00000130   Code   RO         1036    i.HAL_TIM_IRQHandler  stm32f1xx_hal_tim.o
    0x08001ad6   0x08001ad6   0x00000002   PAD
    0x08001ad8   0x08001ad8   0x000000ec   Code   RO          658    i.HAL_TIM_MspPostInit  tim.o
    0x08001bc4   0x08001bc4   0x00000002   Code   RO         1039    i.HAL_TIM_OC_DelayElapsedCallback  stm32f1xx_hal_tim.o
    0x08001bc6   0x08001bc6   0x000000cc   Code   RO         1060    i.HAL_TIM_PWM_ConfigChannel  stm32f1xx_hal_tim.o
    0x08001c92   0x08001c92   0x0000005a   Code   RO         1063    i.HAL_TIM_PWM_Init  stm32f1xx_hal_tim.o
    0x08001cec   0x08001cec   0x00000028   Code   RO          660    i.HAL_TIM_PWM_MspInit  tim.o
    0x08001d14   0x08001d14   0x00000002   Code   RO         1066    i.HAL_TIM_PWM_PulseFinishedCallback  stm32f1xx_hal_tim.o
    0x08001d16   0x08001d16   0x00000002   PAD
    0x08001d18   0x08001d18   0x0000009c   Code   RO         1068    i.HAL_TIM_PWM_Start  stm32f1xx_hal_tim.o
    0x08001db4   0x08001db4   0x00000070   Code   RO         1071    i.HAL_TIM_PWM_Stop  stm32f1xx_hal_tim.o
    0x08001e24   0x08001e24   0x00000014   Code   RO           14    i.HAL_TIM_PeriodElapsedCallback  main.o
    0x08001e38   0x08001e38   0x00000002   Code   RO         1079    i.HAL_TIM_TriggerCallback  stm32f1xx_hal_tim.o
    0x08001e3a   0x08001e3a   0x00000002   Code   RO         3983    i.HAL_UARTEx_RxEventCallback  stm32f1xx_hal_uart.o
    0x08001e3c   0x08001e3c   0x00000002   Code   RO         3997    i.HAL_UART_ErrorCallback  stm32f1xx_hal_uart.o
    0x08001e3e   0x08001e3e   0x00000002   PAD
    0x08001e40   0x08001e40   0x0000026c   Code   RO         4000    i.HAL_UART_IRQHandler  stm32f1xx_hal_uart.o
    0x080020ac   0x080020ac   0x00000064   Code   RO         4001    i.HAL_UART_Init     stm32f1xx_hal_uart.o
    0x08002110   0x08002110   0x000000dc   Code   RO          729    i.HAL_UART_MspInit  usart.o
    0x080021ec   0x080021ec   0x0000001c   Code   RO         4006    i.HAL_UART_Receive_IT  stm32f1xx_hal_uart.o
    0x08002208   0x08002208   0x00000070   Code   RO          730    i.HAL_UART_RxCpltCallback  usart.o
    0x08002278   0x08002278   0x000000a0   Code   RO         4009    i.HAL_UART_Transmit  stm32f1xx_hal_uart.o
    0x08002318   0x08002318   0x00000002   Code   RO         4012    i.HAL_UART_TxCpltCallback  stm32f1xx_hal_uart.o
    0x0800231a   0x0800231a   0x00000002   Code   RO          793    i.HardFault_Handler  stm32f1xx_it.o
    0x0800231c   0x0800231c   0x0000002e   Code   RO         3266    i.I2C_IsAcknowledgeFailed  stm32f1xx_hal_i2c.o
    0x0800234a   0x0800234a   0x00000002   PAD
    0x0800234c   0x0800234c   0x0000009c   Code   RO         3270    i.I2C_MasterRequestWrite  stm32f1xx_hal_i2c.o
    0x080023e8   0x080023e8   0x000000a8   Code   RO         3277    i.I2C_RequestMemoryWrite  stm32f1xx_hal_i2c.o
    0x08002490   0x08002490   0x00000056   Code   RO         3281    i.I2C_WaitOnBTFFlagUntilTimeout  stm32f1xx_hal_i2c.o
    0x080024e6   0x080024e6   0x00000002   PAD
    0x080024e8   0x080024e8   0x00000090   Code   RO         3282    i.I2C_WaitOnFlagUntilTimeout  stm32f1xx_hal_i2c.o
    0x08002578   0x08002578   0x000000bc   Code   RO         3283    i.I2C_WaitOnMasterAddressFlagUntilTimeout  stm32f1xx_hal_i2c.o
    0x08002634   0x08002634   0x00000056   Code   RO         3285    i.I2C_WaitOnTXEFlagUntilTimeout  stm32f1xx_hal_i2c.o
    0x0800268a   0x0800268a   0x00000002   PAD
    0x0800268c   0x0800268c   0x00000120   Code   RO         5394    i.IRReceiver_IRQTimes_Parse  driver_ir_receiver.o
    0x080027ac   0x080027ac   0x000000b8   Code   RO         5395    i.IRReceiver_IRQ_Callback  driver_ir_receiver.o
    0x08002864   0x08002864   0x00000004   Code   RO         5150    i.LCD_Clear         driver_lcd.o
    0x08002868   0x08002868   0x00000004   Code   RO         5152    i.LCD_Init          driver_lcd.o
    0x0800286c   0x0800286c   0x00000020   Code   RO         4837    i.Led_Control       driver_led.o
    0x0800288c   0x0800288c   0x00000036   Code   RO         4977    i.MPU6050_Init      driver_mpu6050.o
    0x080028c2   0x080028c2   0x00000002   PAD
    0x080028c4   0x080028c4   0x00000024   Code   RO         4981    i.MPU6050_WriteRegister  driver_mpu6050.o
    0x080028e8   0x080028e8   0x00000048   Code   RO         7966    i.MQTTDeserialize_ack  mqttdeserializepublish.o
    0x08002930   0x08002930   0x0000005c   Code   RO         7872    i.MQTTDeserialize_connack  mqttconnectclient.o
    0x0800298c   0x0800298c   0x0000008c   Code   RO         7967    i.MQTTDeserialize_publish  mqttdeserializepublish.o
    0x08002a18   0x08002a18   0x0000007c   Code   RO         8192    i.MQTTDeserialize_suback  mqttsubscribeclient.o
    0x08002a94   0x08002a94   0x00000026   Code   RO         8234    i.MQTTDeserialize_unsuback  mqttunsubscribeclient.o
    0x08002aba   0x08002aba   0x00000036   Code   RO         8042    i.MQTTPacket_decode  mqttpacket.o
    0x08002af0   0x08002af0   0x00000014   Code   RO         8043    i.MQTTPacket_decodeBuf  mqttpacket.o
    0x08002b04   0x08002b04   0x0000002a   Code   RO         8044    i.MQTTPacket_encode  mqttpacket.o
    0x08002b2e   0x08002b2e   0x00000034   Code   RO         8045    i.MQTTPacket_equals  mqttpacket.o
    0x08002b62   0x08002b62   0x00000002   PAD
    0x08002b64   0x08002b64   0x00000028   Code   RO         8046    i.MQTTPacket_len    mqttpacket.o
    0x08002b8c   0x08002b8c   0x00000048   Code   RO         8150    i.MQTTSerialize_ack  mqttserializepublish.o
    0x08002bd4   0x08002bd4   0x00000118   Code   RO         7873    i.MQTTSerialize_connect  mqttconnectclient.o
    0x08002cec   0x08002cec   0x00000076   Code   RO         7874    i.MQTTSerialize_connectLength  mqttconnectclient.o
    0x08002d62   0x08002d62   0x00000006   Code   RO         7876    i.MQTTSerialize_pingreq  mqttconnectclient.o
    0x08002d68   0x08002d68   0x00000086   Code   RO         8153    i.MQTTSerialize_publish  mqttserializepublish.o
    0x08002dee   0x08002dee   0x0000001e   Code   RO         8154    i.MQTTSerialize_publishLength  mqttserializepublish.o
    0x08002e0c   0x08002e0c   0x0000008c   Code   RO         8193    i.MQTTSerialize_subscribe  mqttsubscribeclient.o
    0x08002e98   0x08002e98   0x0000002e   Code   RO         8194    i.MQTTSerialize_subscribeLength  mqttsubscribeclient.o
    0x08002ec6   0x08002ec6   0x00000032   Code   RO         7877    i.MQTTSerialize_zero  mqttconnectclient.o
    0x08002ef8   0x08002ef8   0x00000088   Code   RO           15    i.MQTTSmart_handler  main.o
    0x08002f80   0x08002f80   0x00000144   Code   RO           16    i.MQTT_Task         main.o
    0x080030c4   0x080030c4   0x0000000e   Code   RO         8049    i.MQTTstrlen        mqttpacket.o
    0x080030d2   0x080030d2   0x00000002   PAD
    0x080030d4   0x080030d4   0x00000058   Code   RO          418    i.MX_FREERTOS_Init  freertos.o
    0x0800312c   0x0800312c   0x00000138   Code   RO          393    i.MX_GPIO_Init      gpio.o
    0x08003264   0x08003264   0x00000040   Code   RO          532    i.MX_I2C1_Init      i2c.o
    0x080032a4   0x080032a4   0x00000048   Code   RO          574    i.MX_SPI1_Init      spi.o
    0x080032ec   0x080032ec   0x000000d0   Code   RO          661    i.MX_TIM1_Init      tim.o
    0x080033bc   0x080033bc   0x000000bc   Code   RO          662    i.MX_TIM2_Init      tim.o
    0x08003478   0x08003478   0x00000078   Code   RO          663    i.MX_TIM3_Init      tim.o
    0x080034f0   0x080034f0   0x00000044   Code   RO          731    i.MX_USART1_UART_Init  usart.o
    0x08003534   0x08003534   0x00000054   Code   RO          732    i.MX_USART3_UART_Init  usart.o
    0x08003588   0x08003588   0x00000002   Code   RO          794    i.MemManage_Handler  stm32f1xx_it.o
    0x0800358a   0x0800358a   0x00000002   Code   RO          795    i.NMI_Handler       stm32f1xx_it.o
    0x0800358c   0x0800358c   0x0000002a   Code   RO         4879    i.OLED_Clear        driver_oled.o
    0x080035b6   0x080035b6   0x00000002   PAD
    0x080035b8   0x080035b8   0x00000094   Code   RO         4881    i.OLED_Init         driver_oled.o
    0x0800364c   0x0800364c   0x0000002c   Code   RO         4886    i.OLED_SetComConfig  driver_oled.o
    0x08003678   0x08003678   0x00000040   Code   RO         4887    i.OLED_SetPosition  driver_oled.o
    0x080036b8   0x080036b8   0x00000028   Code   RO         4889    i.OLED_WriteCmd     driver_oled.o
    0x080036e0   0x080036e0   0x00000020   Code   RO         4890    i.OLED_WriteNBytes  driver_oled.o
    0x08003700   0x08003700   0x00000018   Code   RO         5304    i.PassiveBuzzer_Control  driver_passive_buzzer.o
    0x08003718   0x08003718   0x00000068   Code   RO         5305    i.PassiveBuzzer_Init  driver_passive_buzzer.o
    0x08003780   0x08003780   0x0000008c   Code   RO         9060    i.Processr_recv_data  platform_esp8266_at.o
    0x0800380c   0x0800380c   0x0000002c   Code   RO         5399    i.PutKeyToBuf       driver_ir_receiver.o
    0x08003838   0x08003838   0x0000006c   Code   RO         5705    i.RotaryEncoder_IRQ_Callback  driver_rotary_encoder.o
    0x080038a4   0x080038a4   0x0000001a   Code   RO         7078    i.SysTick_Handler   cmsis_os2.o
    0x080038be   0x080038be   0x0000007c   Code   RO           17    i.SystemClock_Config  main.o
    0x0800393a   0x0800393a   0x00000002   Code   RO         4800    i.SystemInit        system_stm32f1xx.o
    0x0800393c   0x0800393c   0x0000000c   Code   RO          796    i.TIM4_IRQHandler   stm32f1xx_it.o
    0x08003948   0x08003948   0x00000078   Code   RO         1081    i.TIM_Base_SetConfig  stm32f1xx_hal_tim.o
    0x080039c0   0x080039c0   0x0000001a   Code   RO         1082    i.TIM_CCxChannelCmd  stm32f1xx_hal_tim.o
    0x080039da   0x080039da   0x00000014   Code   RO         1092    i.TIM_ETR_SetConfig  stm32f1xx_hal_tim.o
    0x080039ee   0x080039ee   0x00000010   Code   RO         1093    i.TIM_ITRx_SetConfig  stm32f1xx_hal_tim.o
    0x080039fe   0x080039fe   0x00000002   PAD
    0x08003a00   0x08003a00   0x00000050   Code   RO         1094    i.TIM_OC1_SetConfig  stm32f1xx_hal_tim.o
    0x08003a50   0x08003a50   0x00000058   Code   RO         1095    i.TIM_OC2_SetConfig  stm32f1xx_hal_tim.o
    0x08003aa8   0x08003aa8   0x00000058   Code   RO         1096    i.TIM_OC3_SetConfig  stm32f1xx_hal_tim.o
    0x08003b00   0x08003b00   0x00000044   Code   RO         1097    i.TIM_OC4_SetConfig  stm32f1xx_hal_tim.o
    0x08003b44   0x08003b44   0x00000022   Code   RO         1099    i.TIM_TI1_ConfigInputStage  stm32f1xx_hal_tim.o
    0x08003b66   0x08003b66   0x00000024   Code   RO         1101    i.TIM_TI2_ConfigInputStage  stm32f1xx_hal_tim.o
    0x08003b8a   0x08003b8a   0x00000010   Code   RO         4014    i.UART_DMAAbortOnError  stm32f1xx_hal_uart.o
    0x08003b9a   0x08003b9a   0x0000004e   Code   RO         4024    i.UART_EndRxTransfer  stm32f1xx_hal_uart.o
    0x08003be8   0x08003be8   0x000000c2   Code   RO         4026    i.UART_Receive_IT   stm32f1xx_hal_uart.o
    0x08003caa   0x08003caa   0x00000002   PAD
    0x08003cac   0x08003cac   0x000000b8   Code   RO         4027    i.UART_SetConfig    stm32f1xx_hal_uart.o
    0x08003d64   0x08003d64   0x00000036   Code   RO         4029    i.UART_Start_Receive_IT  stm32f1xx_hal_uart.o
    0x08003d9a   0x08003d9a   0x00000072   Code   RO         4030    i.UART_WaitOnFlagUntilTimeout  stm32f1xx_hal_uart.o
    0x08003e0c   0x08003e0c   0x0000000c   Code   RO          797    i.USART1_IRQHandler  stm32f1xx_it.o
    0x08003e18   0x08003e18   0x0000000c   Code   RO          798    i.USART3_IRQHandler  stm32f1xx_it.o
    0x08003e24   0x08003e24   0x00000002   Code   RO          799    i.UsageFault_Handler  stm32f1xx_it.o
    0x08003e26   0x08003e26   0x00000002   PAD
    0x08003e28   0x08003e28   0x00000020   Code   RO         9345    i.__0printf$6       mc_w.l(printf6.o)
    0x08003e48   0x08003e48   0x00000028   Code   RO         9347    i.__0sprintf$6      mc_w.l(printf6.o)
    0x08003e70   0x08003e70   0x00000020   Code   RO         2725    i.__NVIC_SetPriority  stm32f1xx_hal_cortex.o
    0x08003e90   0x08003e90   0x0000000e   Code   RO         9495    i.__scatterload_copy  mc_w.l(handlers.o)
    0x08003e9e   0x08003e9e   0x00000002   Code   RO         9496    i.__scatterload_null  mc_w.l(handlers.o)
    0x08003ea0   0x08003ea0   0x0000000e   Code   RO         9497    i.__scatterload_zeroinit  mc_w.l(handlers.o)
    0x08003eae   0x08003eae   0x0000000a   Code   RO         7726    i._mqtt_list_add    mqtt_list.o
    0x08003eb8   0x08003eb8   0x000002f0   Code   RO         9352    i._printf_core      mc_w.l(printf6.o)
    0x080041a8   0x080041a8   0x00000024   Code   RO         9353    i._printf_post_padding  mc_w.l(printf6.o)
    0x080041cc   0x080041cc   0x0000002e   Code   RO         9354    i._printf_pre_padding  mc_w.l(printf6.o)
    0x080041fa   0x080041fa   0x0000000a   Code   RO         9356    i._sputc            mc_w.l(printf6.o)
    0x08004204   0x08004204   0x00000024   Code   RO         8050    i.bufchar           mqttpacket.o
    0x08004228   0x08004228   0x0000000c   Code   RO         5904    i.circle_buf_init   circle_buffer.o
    0x08004234   0x08004234   0x0000002c   Code   RO         5905    i.circle_buf_read   circle_buffer.o
    0x08004260   0x08004260   0x00000026   Code   RO         5906    i.circle_buf_write  circle_buffer.o
    0x08004286   0x08004286   0x00000002   PAD
    0x08004288   0x08004288   0x00000064   Code   RO         8276    i.default_msg_handler  mqttclient.o
    0x080042ec   0x080042ec   0x0000000e   Code   RO         7786    i.do_random         random.o
    0x080042fa   0x080042fa   0x00000002   PAD
    0x080042fc   0x080042fc   0x0000001c   Code   RO         5863    i.fputc             driver_uart.o
    0x08004318   0x08004318   0x00000036   Code   RO           18    i.main              main.o
    0x0800434e   0x0800434e   0x0000001a   Code   RO         5036    i.mdelay            driver_timer.o
    0x08004368   0x08004368   0x00000016   Code   RO         8277    i.mqtt_ack_handler_destroy  mqttclient.o
    0x0800437e   0x0800437e   0x00000002   PAD
    0x08004380   0x08004380   0x000000a0   Code   RO         8278    i.mqtt_ack_handler_resend  mqttclient.o
    0x08004420   0x08004420   0x000000ae   Code   RO         8279    i.mqtt_ack_list_record  mqttclient.o
    0x080044ce   0x080044ce   0x0000007a   Code   RO         8280    i.mqtt_ack_list_scan  mqttclient.o
    0x08004548   0x08004548   0x0000004a   Code   RO         8281    i.mqtt_ack_list_unrecord  mqttclient.o
    0x08004592   0x08004592   0x00000080   Code   RO         8282    i.mqtt_clean_session  mqttclient.o
    0x08004612   0x08004612   0x00000004   Code   RO         8283    i.mqtt_connect      mqttclient.o
    0x08004616   0x08004616   0x00000002   PAD
    0x08004618   0x08004618   0x00000284   Code   RO         8284    i.mqtt_connect_with_results  mqttclient.o
    0x0800489c   0x0800489c   0x00000060   Code   RO         8285    i.mqtt_deliver_message  mqttclient.o
    0x080048fc   0x080048fc   0x00000038   Code   RO         8287    i.mqtt_get_msg_handler  mqttclient.o
    0x08004934   0x08004934   0x00000028   Code   RO         8288    i.mqtt_get_next_packet_id  mqttclient.o
    0x0800495c   0x0800495c   0x000000e0   Code   RO         8289    i.mqtt_init         mqttclient.o
    0x08004a3c   0x08004a3c   0x0000001c   Code   RO         8290    i.mqtt_is_connected  mqttclient.o
    0x08004a58   0x08004a58   0x000000ac   Code   RO         8291    i.mqtt_keep_alive   mqttclient.o
    0x08004b04   0x08004b04   0x00000026   Code   RO         8292    i.mqtt_lease        mqttclient.o
    0x08004b2a   0x08004b2a   0x0000000a   Code   RO         7728    i.mqtt_list_add_tail  mqtt_list.o
    0x08004b34   0x08004b34   0x00000008   Code   RO         7729    i.mqtt_list_del     mqtt_list.o
    0x08004b3c   0x08004b3c   0x0000000e   Code   RO         7730    i.mqtt_list_del_init  mqtt_list.o
    0x08004b4a   0x08004b4a   0x00000006   Code   RO         7731    i.mqtt_list_init    mqtt_list.o
    0x08004b50   0x08004b50   0x0000000e   Code   RO         7732    i.mqtt_list_is_empty  mqtt_list.o
    0x08004b5e   0x08004b5e   0x0000002a   Code   RO         8294    i.mqtt_msg_handler_destory  mqttclient.o
    0x08004b88   0x08004b88   0x00000078   Code   RO         8295    i.mqtt_msg_handler_is_exist  mqttclient.o
    0x08004c00   0x08004c00   0x0000001e   Code   RO         8296    i.mqtt_new_message_data  mqttclient.o
    0x08004c1e   0x08004c1e   0x00000002   PAD
    0x08004c20   0x08004c20   0x000000fc   Code   RO         8297    i.mqtt_packet_handle  mqttclient.o
    0x08004d1c   0x08004d1c   0x00000188   Code   RO         8298    i.mqtt_publish      mqttclient.o
    0x08004ea4   0x08004ea4   0x00000088   Code   RO         8299    i.mqtt_publish_ack_packet  mqttclient.o
    0x08004f2c   0x08004f2c   0x000000e2   Code   RO         8300    i.mqtt_publish_packet_handle  mqttclient.o
    0x0800500e   0x0800500e   0x00000002   PAD
    0x08005010   0x08005010   0x000000f0   Code   RO         8301    i.mqtt_read_buf_malloc  mqttclient.o
    0x08005100   0x08005100   0x0000011c   Code   RO         8302    i.mqtt_read_packet  mqttclient.o
    0x0800521c   0x0800521c   0x00000064   Code   RO         8304    i.mqtt_send_packet  mqttclient.o
    0x08005280   0x08005280   0x00000088   Code   RO         8306    i.mqtt_set_clean_session  mqttclient.o
    0x08005308   0x08005308   0x00000080   Code   RO         8307    i.mqtt_set_client_id  mqttclient.o
    0x08005388   0x08005388   0x0000001c   Code   RO         8308    i.mqtt_set_client_state  mqttclient.o
    0x080053a4   0x080053a4   0x00000080   Code   RO         8310    i.mqtt_set_host     mqttclient.o
    0x08005424   0x08005424   0x00000080   Code   RO         8313    i.mqtt_set_password  mqttclient.o
    0x080054a4   0x080054a4   0x00000080   Code   RO         8314    i.mqtt_set_port     mqttclient.o
    0x08005524   0x08005524   0x00000080   Code   RO         8320    i.mqtt_set_user_name  mqttclient.o
    0x080055a4   0x080055a4   0x00000092   Code   RO         8326    i.mqtt_suback_packet_handle  mqttclient.o
    0x08005636   0x08005636   0x00000002   PAD
    0x08005638   0x08005638   0x000000b8   Code   RO         8327    i.mqtt_subscribe    mqttclient.o
    0x080056f0   0x080056f0   0x00000024   Code   RO         8328    i.mqtt_subtract_ack_handler_num  mqttclient.o
    0x08005714   0x08005714   0x000000d6   Code   RO         8329    i.mqtt_topic_is_matched  mqttclient.o
    0x080057ea   0x080057ea   0x0000002e   Code   RO         8330    i.mqtt_try_do_reconnect  mqttclient.o
    0x08005818   0x08005818   0x000000d4   Code   RO         8331    i.mqtt_try_resubscribe  mqttclient.o
    0x080058ec   0x080058ec   0x000000f0   Code   RO         8333    i.mqtt_write_buf_malloc  mqttclient.o
    0x080059dc   0x080059dc   0x000000d4   Code   RO         8334    i.mqtt_yield        mqttclient.o
    0x08005ab0   0x08005ab0   0x00000120   Code   RO         8335    i.mqtt_yield_thread  mqttclient.o
    0x08005bd0   0x08005bd0   0x00000094   Code   RO          932    i.mqttsmart_parse   mqttsmart.o
    0x08005c64   0x08005c64   0x00000018   Code   RO         8682    i.nettype_tcp_connect  nettype_tcp.o
    0x08005c7c   0x08005c7c   0x00000014   Code   RO         8683    i.nettype_tcp_disconnect  nettype_tcp.o
    0x08005c90   0x08005c90   0x00000006   Code   RO         8684    i.nettype_tcp_read  nettype_tcp.o
    0x08005c96   0x08005c96   0x00000006   Code   RO         8685    i.nettype_tcp_write  nettype_tcp.o
    0x08005c9c   0x08005c9c   0x00000004   Code   RO         8785    i.network_connect   network.o
    0x08005ca0   0x08005ca0   0x00000004   Code   RO         8786    i.network_disconnect  network.o
    0x08005ca4   0x08005ca4   0x00000014   Code   RO         8787    i.network_init      network.o
    0x08005cb8   0x08005cb8   0x00000004   Code   RO         8788    i.network_read      network.o
    0x08005cbc   0x08005cbc   0x0000001a   Code   RO         8789    i.network_release   network.o
    0x08005cd6   0x08005cd6   0x00000004   Code   RO         8793    i.network_write     network.o
    0x08005cda   0x08005cda   0x00000002   PAD
    0x08005cdc   0x08005cdc   0x00000024   Code   RO         7094    i.osKernelInitialize  cmsis_os2.o
    0x08005d00   0x08005d00   0x00000038   Code   RO         7097    i.osKernelStart     cmsis_os2.o
    0x08005d38   0x08005d38   0x00000016   Code   RO         8845    i.platform_memory_alloc  platform_memory.o
    0x08005d4e   0x08005d4e   0x00000004   Code   RO         8847    i.platform_memory_free  platform_memory.o
    0x08005d52   0x08005d52   0x0000001e   Code   RO         8873    i.platform_mutex_init  platform_mutex.o
    0x08005d70   0x08005d70   0x0000000a   Code   RO         8874    i.platform_mutex_lock  platform_mutex.o
    0x08005d7a   0x08005d7a   0x00000006   Code   RO         8875    i.platform_mutex_lock_timeout  platform_mutex.o
    0x08005d80   0x08005d80   0x0000000c   Code   RO         8877    i.platform_mutex_unlock  platform_mutex.o
    0x08005d8c   0x08005d8c   0x00000024   Code   RO         8920    i.platform_net_socket_close  platform_net_socket.o
    0x08005db0   0x08005db0   0x000001d4   Code   RO         8921    i.platform_net_socket_connect  platform_net_socket.o
    0x08005f84   0x08005f84   0x00000026   Code   RO         8922    i.platform_net_socket_recv_timeout  platform_net_socket.o
    0x08005faa   0x08005faa   0x00000002   PAD
    0x08005fac   0x08005fac   0x000000ac   Code   RO         8923    i.platform_net_socket_write_timeout  platform_net_socket.o
    0x08006058   0x08006058   0x00000016   Code   RO         8965    i.platform_thread_destroy  platform_thread.o
    0x0800606e   0x0800606e   0x00000038   Code   RO         8966    i.platform_thread_init  platform_thread.o
    0x080060a6   0x080060a6   0x00000006   Code   RO         8967    i.platform_thread_start  platform_thread.o
    0x080060ac   0x080060ac   0x00000002   Code   RO         8968    i.platform_thread_startup  platform_thread.o
    0x080060ae   0x080060ae   0x00000006   Code   RO         8969    i.platform_thread_stop  platform_thread.o
    0x080060b4   0x080060b4   0x00000010   Code   RO         9004    i.platform_timer_cutdown  platform_timer.o
    0x080060c4   0x080060c4   0x00000006   Code   RO         9005    i.platform_timer_init  platform_timer.o
    0x080060ca   0x080060ca   0x00000016   Code   RO         9006    i.platform_timer_is_expired  platform_timer.o
    0x080060e0   0x080060e0   0x00000004   Code   RO         9007    i.platform_timer_now  platform_timer.o
    0x080060e4   0x080060e4   0x00000016   Code   RO         9008    i.platform_timer_remain  platform_timer.o
    0x080060fa   0x080060fa   0x00000004   Code   RO         9009    i.platform_timer_usleep  platform_timer.o
    0x080060fe   0x080060fe   0x00000002   PAD
    0x08006100   0x08006100   0x0000005c   Code   RO         6532    i.prvAddCurrentTaskToDelayedList  tasks.o
    0x0800615c   0x0800615c   0x000000d0   Code   RO         6533    i.prvAddNewTaskToReadyList  tasks.o
    0x0800622c   0x0800622c   0x00000058   Code   RO         6907    i.prvCheckForValidListAndQueue  timers.o
    0x08006284   0x08006284   0x00000026   Code   RO         6132    i.prvCopyDataFromQueue  queue.o
    0x080062aa   0x080062aa   0x0000006c   Code   RO         6133    i.prvCopyDataToQueue  queue.o
    0x08006316   0x08006316   0x00000034   Code   RO         6534    i.prvDeleteTCB      tasks.o
    0x0800634a   0x0800634a   0x00000002   PAD
    0x0800634c   0x0800634c   0x0000004c   Code   RO         7594    i.prvHeapInit       heap_4.o
    0x08006398   0x08006398   0x00000064   Code   RO         6535    i.prvIdleTask       tasks.o
    0x080063fc   0x080063fc   0x00000016   Code   RO         6134    i.prvInitialiseMutex  queue.o
    0x08006412   0x08006412   0x00000002   PAD
    0x08006414   0x08006414   0x00000022   Code   RO         6135    i.prvInitialiseNewQueue  queue.o
    0x08006436   0x08006436   0x00000002   PAD
    0x08006438   0x08006438   0x000000b0   Code   RO         6536    i.prvInitialiseNewTask  tasks.o
    0x080064e8   0x080064e8   0x0000004c   Code   RO         7595    i.prvInsertBlockIntoFreeList  heap_4.o
    0x08006534   0x08006534   0x00000038   Code   RO         6909    i.prvInsertTimerInActiveList  timers.o
    0x0800656c   0x0800656c   0x0000001c   Code   RO         6136    i.prvIsQueueEmpty   queue.o
    0x08006588   0x08006588   0x000000fc   Code   RO         6910    i.prvProcessReceivedCommands  timers.o
    0x08006684   0x08006684   0x000000c0   Code   RO         6911    i.prvProcessTimerOrBlockTask  timers.o
    0x08006744   0x08006744   0x00000020   Code   RO         6538    i.prvResetNextTaskUnblockTime  tasks.o
    0x08006764   0x08006764   0x00000028   Code   RO         6912    i.prvSampleTimeNow  timers.o
    0x0800678c   0x0800678c   0x0000006c   Code   RO         6913    i.prvSwitchTimerLists  timers.o
    0x080067f8   0x080067f8   0x00000028   Code   RO         7650    i.prvTaskExitError  port.o
    0x08006820   0x08006820   0x00000034   Code   RO         6540    i.prvTaskIsTaskSuspended  tasks.o
    0x08006854   0x08006854   0x00000024   Code   RO         6914    i.prvTimerTask      timers.o
    0x08006878   0x08006878   0x0000006a   Code   RO         6137    i.prvUnlockQueue    queue.o
    0x080068e2   0x080068e2   0x00000002   PAD
    0x080068e4   0x080068e4   0x000000dc   Code   RO         7596    i.pvPortMalloc      heap_4.o
    0x080069c0   0x080069c0   0x00000018   Code   RO         6541    i.pvTaskIncrementMutexHeldCount  tasks.o
    0x080069d8   0x080069d8   0x00000024   Code   RO         7651    i.pxPortInitialiseStack  port.o
    0x080069fc   0x080069fc   0x00000030   Code   RO         7787    i.random_number     random.o
    0x08006a2c   0x08006a2c   0x000000b8   Code   RO         7789    i.random_string     random.o
    0x08006ae4   0x08006ae4   0x0000000c   Code   RO         8052    i.readChar          mqttpacket.o
    0x08006af0   0x08006af0   0x00000012   Code   RO         8053    i.readInt           mqttpacket.o
    0x08006b02   0x08006b02   0x00000034   Code   RO         8054    i.readMQTTLenString  mqttpacket.o
    0x08006b36   0x08006b36   0x00000002   PAD
    0x08006b38   0x08006b38   0x0000000c   Code   RO         5934    i.sg90_Init         driver_sg90.o
    0x08006b44   0x08006b44   0x00000024   Code   RO         5935    i.sg90_SetAngle     driver_sg90.o
    0x08006b68   0x08006b68   0x00000044   Code   RO         5037    i.system_get_ns     driver_timer.o
    0x08006bac   0x08006bac   0x00000020   Code   RO          733    i.uart3_write       usart.o
    0x08006bcc   0x08006bcc   0x00000038   Code   RO         5038    i.udelay            driver_timer.o
    0x08006c04   0x08006c04   0x00000068   Code   RO         6542    i.ulTaskNotifyTake  tasks.o
    0x08006c6c   0x08006c6c   0x00000026   Code   RO         6092    i.uxListRemove      list.o
    0x08006c92   0x08006c92   0x00000002   PAD
    0x08006c94   0x08006c94   0x00000014   Code   RO         7151    i.vApplicationGetIdleTaskMemory  cmsis_os2.o
    0x08006ca8   0x08006ca8   0x00000018   Code   RO         7152    i.vApplicationGetTimerTaskMemory  cmsis_os2.o
    0x08006cc0   0x08006cc0   0x00000002   Code   RO         7153    i.vApplicationIdleHook  cmsis_os2.o
    0x08006cc2   0x08006cc2   0x00000016   Code   RO         6093    i.vListInitialise   list.o
    0x08006cd8   0x08006cd8   0x00000006   Code   RO         6094    i.vListInitialiseItem  list.o
    0x08006cde   0x08006cde   0x00000030   Code   RO         6095    i.vListInsert       list.o
    0x08006d0e   0x08006d0e   0x00000018   Code   RO         6096    i.vListInsertEnd    list.o
    0x08006d26   0x08006d26   0x00000002   PAD
    0x08006d28   0x08006d28   0x00000040   Code   RO         7653    i.vPortEnterCritical  port.o
    0x08006d68   0x08006d68   0x00000028   Code   RO         7654    i.vPortExitCritical  port.o
    0x08006d90   0x08006d90   0x00000064   Code   RO         7597    i.vPortFree         heap_4.o
    0x08006df4   0x08006df4   0x00000024   Code   RO         7655    i.vPortSetupTimerInterrupt  port.o
    0x08006e18   0x08006e18   0x00000054   Code   RO         7656    i.vPortValidateInterruptPriority  port.o
    0x08006e6c   0x08006e6c   0x00000028   Code   RO         6143    i.vQueueAddToRegistry  queue.o
    0x08006e94   0x08006e94   0x00000044   Code   RO         6147    i.vQueueWaitForMessageRestricted  queue.o
    0x08006ed8   0x08006ed8   0x0000004c   Code   RO         6551    i.vTaskDelay        tasks.o
    0x08006f24   0x08006f24   0x00000090   Code   RO         6553    i.vTaskDelete       tasks.o
    0x08006fb4   0x08006fb4   0x00000010   Code   RO         6556    i.vTaskInternalSetTimeOutState  tasks.o
    0x08006fc4   0x08006fc4   0x0000000c   Code   RO         6558    i.vTaskMissedYield  tasks.o
    0x08006fd0   0x08006fd0   0x000000b0   Code   RO         6559    i.vTaskNotifyGiveFromISR  tasks.o
    0x08007080   0x08007080   0x00000030   Code   RO         6560    i.vTaskPlaceOnEventList  tasks.o
    0x080070b0   0x080070b0   0x00000038   Code   RO         6561    i.vTaskPlaceOnEventListRestricted  tasks.o
    0x080070e8   0x080070e8   0x00000090   Code   RO         6563    i.vTaskPriorityDisinheritAfterTimeout  tasks.o
    0x08007178   0x08007178   0x0000007c   Code   RO         6566    i.vTaskResume       tasks.o
    0x080071f4   0x080071f4   0x00000088   Code   RO         6569    i.vTaskStartScheduler  tasks.o
    0x0800727c   0x0800727c   0x0000009c   Code   RO         6570    i.vTaskSuspend      tasks.o
    0x08007318   0x08007318   0x00000010   Code   RO         6571    i.vTaskSuspendAll   tasks.o
    0x08007328   0x08007328   0x00000064   Code   RO         6572    i.vTaskSwitchContext  tasks.o
    0x0800738c   0x0800738c   0x00000028   Code   RO         8055    i.writeCString      mqttpacket.o
    0x080073b4   0x080073b4   0x0000000c   Code   RO         8056    i.writeChar         mqttpacket.o
    0x080073c0   0x080073c0   0x0000001e   Code   RO         8057    i.writeInt          mqttpacket.o
    0x080073de   0x080073de   0x00000036   Code   RO         8058    i.writeMQTTString   mqttpacket.o
    0x08007414   0x08007414   0x000000a8   Code   RO         7657    i.xPortStartScheduler  port.o
    0x080074bc   0x080074bc   0x0000002c   Code   RO         7658    i.xPortSysTickHandler  port.o
    0x080074e8   0x080074e8   0x00000016   Code   RO         6150    i.xQueueCreateMutex  queue.o
    0x080074fe   0x080074fe   0x00000042   Code   RO         6152    i.xQueueGenericCreate  queue.o
    0x08007540   0x08007540   0x00000066   Code   RO         6153    i.xQueueGenericCreateStatic  queue.o
    0x080075a6   0x080075a6   0x00000002   PAD
    0x080075a8   0x080075a8   0x00000088   Code   RO         6154    i.xQueueGenericReset  queue.o
    0x08007630   0x08007630   0x00000160   Code   RO         6155    i.xQueueGenericSend  queue.o
    0x08007790   0x08007790   0x000000be   Code   RO         6156    i.xQueueGenericSendFromISR  queue.o
    0x0800784e   0x0800784e   0x00000002   PAD
    0x08007850   0x08007850   0x00000138   Code   RO         6165    i.xQueueReceive     queue.o
    0x08007988   0x08007988   0x00000178   Code   RO         6167    i.xQueueSemaphoreTake  queue.o
    0x08007b00   0x08007b00   0x00000074   Code   RO         6574    i.xTaskCheckForTimeOut  tasks.o
    0x08007b74   0x08007b74   0x0000005a   Code   RO         6575    i.xTaskCreate       tasks.o
    0x08007bce   0x08007bce   0x00000056   Code   RO         6576    i.xTaskCreateStatic  tasks.o
    0x08007c24   0x08007c24   0x0000001c   Code   RO         6580    i.xTaskGetSchedulerState  tasks.o
    0x08007c40   0x08007c40   0x0000000c   Code   RO         6581    i.xTaskGetTickCount  tasks.o
    0x08007c4c   0x08007c4c   0x000000c8   Code   RO         6583    i.xTaskIncrementTick  tasks.o
    0x08007d14   0x08007d14   0x00000080   Code   RO         6586    i.xTaskPriorityDisinherit  tasks.o
    0x08007d94   0x08007d94   0x00000078   Code   RO         6587    i.xTaskPriorityInherit  tasks.o
    0x08007e0c   0x08007e0c   0x00000070   Code   RO         6588    i.xTaskRemoveFromEventList  tasks.o
    0x08007e7c   0x08007e7c   0x000000c4   Code   RO         6589    i.xTaskResumeAll    tasks.o
    0x08007f40   0x08007f40   0x00000060   Code   RO         6923    i.xTimerCreateTimerTask  timers.o
    0x08007fa0   0x08007fa0   0x00000068   Code   RO         6924    i.xTimerGenericCommand  timers.o
    0x08008008   0x08008008   0x00000012   Data   RO           20    .constdata          main.o
    0x0800801a   0x0800801a   0x00000012   Data   RO         2423    .constdata          stm32f1xx_hal_rcc.o
    0x0800802c   0x0800802c   0x00000010   Data   RO         4801    .constdata          system_stm32f1xx.o
    0x0800803c   0x0800803c   0x00000008   Data   RO         4802    .constdata          system_stm32f1xx.o
    0x08008044   0x08008044   0x000002d3   Data   RO         8336    .constdata          mqttclient.o
    0x08008317   0x08008317   0x00000001   PAD
    0x08008318   0x08008318   0x00000054   Data   RO           21    .conststring        main.o
    0x0800836c   0x0800836c   0x000000f6   Data   RO         8337    .conststring        mqttclient.o
    0x08008462   0x08008462   0x00000002   PAD
    0x08008464   0x08008464   0x00000020   Data   RO         9493    Region$$Table       anon$$obj.o


    Execution Region RW_IRAM1 (Exec base: 0x20000000, Load base: 0x08008484, Size: 0x000039c0, Max: 0x00008000, ABSOLUTE)

    Exec Addr    Load Addr    Size         Type   Attr      Idx    E Section Name        Object

    0x20000000   0x08008484   0x00000004   Data   RW          422    .data               freertos.o
    0x20000004   0x08008488   0x00000002   Data   RW          735    .data               usart.o
    0x20000006   0x0800848a   0x00000002   PAD
    0x20000008   0x0800848c   0x0000000c   Data   RW         2260    .data               stm32f1xx_hal.o
    0x20000014   0x08008498   0x00000004   Data   RW         4803    .data               system_stm32f1xx.o
    0x20000018   0x0800849c   0x00000008   Data   RW         4892    .data               driver_oled.o
    0x20000020   0x080084a4   0x00000004   Data   RW         4982    .data               driver_mpu6050.o
    0x20000024   0x080084a8   0x00000004   Data   RW         5308    .data               driver_passive_buzzer.o
    0x20000028   0x080084ac   0x00000004   Data   RW         5354    .data               driver_color_led.o
    0x2000002c   0x080084b0   0x00000004   PAD
    0x20000030   0x080084b4   0x00000018   Data   RW         5403    .data               driver_ir_receiver.o
    0x20000048   0x080084cc   0x00000018   Data   RW         5709    .data               driver_rotary_encoder.o
    0x20000060   0x080084e4   0x00000004   Data   RW         5864    .data               driver_uart.o
    0x20000064   0x080084e8   0x0000003c   Data   RW         6592    .data               tasks.o
    0x200000a0   0x08008524   0x00000014   Data   RW         6932    .data               timers.o
    0x200000b4   0x08008538   0x00000004   Data   RW         7155    .data               cmsis_os2.o
    0x200000b8   0x0800853c   0x00000020   Data   RW         7603    .data               heap_4.o
    0x200000d8   0x0800855c   0x0000000c   Data   RW         7659    .data               port.o
    0x200000e4   0x08008568   0x00000004   Data   RW         7790    .data               random.o
    0x200000e8   0x0800856c   0x00000004   Data   RW         8059    .data               mqttpacket.o
    0x200000ec   0x08008570   0x00000018   Data   RW         9062    .data               platform_esp8266_at.o
    0x20000104   0x08008588   0x00000004   Data   RW         9170    .data               mc_w.l(rand.o)
    0x20000108   0x0800858c   0x00000004   Data   RW         9475    .data               mc_w.l(stdout.o)
    0x2000010c        -       0x00000054   Zero   RW          533    .bss                i2c.o
    0x20000160        -       0x00000058   Zero   RW          575    .bss                spi.o
    0x200001b8        -       0x000000d8   Zero   RW          664    .bss                tim.o
    0x20000290        -       0x000002a0   Zero   RW          734    .bss                usart.o
    0x20000530        -       0x00000048   Zero   RW          899    .bss                stm32f1xx_hal_timebase_tim.o
    0x20000578        -       0x000002a0   Zero   RW         5400    .bss                driver_ir_receiver.o
    0x20000818        -       0x00000040   Zero   RW         6169    .bss                queue.o
    0x20000858        -       0x000004c4   Zero   RW         6591    .bss                tasks.o
    0x20000d1c        -       0x00000118   Zero   RW         6931    .bss                timers.o
    0x20000e34        -       0x000006b8   Zero   RW         7154    .bss                cmsis_os2.o
    0x200014ec        -       0x00001f40   Zero   RW         7602    .bss                heap_4.o
    0x2000342c        -       0x00000190   Zero   RW         9061    .bss                platform_esp8266_at.o
    0x200035bc   0x08008590   0x00000004   PAD
    0x200035c0        -       0x00000400   Zero   RW            1    STACK               startup_stm32f103xb.o


==============================================================================

Image component sizes


      Code (inc. data)   RO Data    RW Data    ZI Data      Debug   Object Name

        94          0          0          0          0       2675   circle_buffer.o
       164         22          0          4       1720      54162   cmsis_os2.o
       168          6          0          4          0       1935   driver_color_led.o
        30          6          0          0          0       1577   driver_dht11.o
       516         62          0         24        672       3372   driver_ir_receiver.o
        22          0          0          0          0        513   driver_irq.o
         8          0          0          0          0        835   driver_lcd.o
        32          6          0          0          0        930   driver_led.o
        90          4          0          4          0       2574   driver_mpu6050.o
       370         24          0          8          0       6151   driver_oled.o
       128         16          0          4          0       1877   driver_passive_buzzer.o
       108         12          0         24          0       2467   driver_rotary_encoder.o
        48         10          0          0          0        944   driver_sg90.o
       150         14          0          0          0       2306   driver_timer.o
        28          6          0          4          0       1216   driver_uart.o
         0          0          0          0          0      19500   event_groups.o
       148         38          0          4          0       2376   freertos.o
       312         22          0          0          0        995   gpio.o
        88         10          0          0          0       1255   hal_at.o
       472         24          0         32       8000       4631   heap_4.o
       156         26          0          0         84       1537   i2c.o
       138          0          0          0          0       3262   list.o
       662        250        102          0          0     474080   main.o
        62          0          0          0          0       5024   mqtt_list.o
      6286       1704        969          0          0      48211   mqttclient.o
       546         18          0          0          0       8289   mqttconnectclient.o
       212          0          0          0          0       2372   mqttdeserializepublish.o
       476         22          0          4          0       9600   mqttpacket.o
       236          0          0          0          0       3218   mqttserializepublish.o
       148         48          0          0          0        998   mqttsmart.o
       310          0          0          0          0       3399   mqttsubscribeclient.o
        38          0          0          0          0        755   mqttunsubscribeclient.o
        56          0          0          0          0       2782   nettype_tcp.o
        62          0          0          0          0       3915   network.o
       680        152          0         24        400       6596   platform_esp8266_at.o
        26          0          0          0          0       1171   platform_memory.o
        58          0          0          0          0       3134   platform_mutex.o
       714        376          0          0          0       4533   platform_net_socket.o
        92          0          0          0          0       3958   platform_thread.o
        74          0          0          0          0       4728   platform_timer.o
       662         70          0         12          0      10477   port.o
      2000         24          0          0         64      20492   queue.o
       246         10          0          4          0       2628   random.o
       184         24          0          0         88       1561   spi.o
        36          8        236          0       1024        780   startup_stm32f103xb.o
        64         14          0         12          0       4510   stm32f1xx_hal.o
       158         14          0          0          0      28070   stm32f1xx_hal_cortex.o
       222          4          0          0          0       1703   stm32f1xx_hal_dma.o
       524         40          0          0          0       3994   stm32f1xx_hal_gpio.o
      1870         48          0          0          0      11117   stm32f1xx_hal_i2c.o
        72         10          0          0          0        826   stm32f1xx_hal_msp.o
      1304         94         18          0          0       5585   stm32f1xx_hal_rcc.o
       236         12          0          0          0       1340   stm32f1xx_hal_rcc_ex.o
       178          0          0          0          0       1115   stm32f1xx_hal_spi.o
      1848         60          0          0          0      15839   stm32f1xx_hal_tim.o
       192         12          0          0          0       3077   stm32f1xx_hal_tim_ex.o
       152         20          0          0         72       1411   stm32f1xx_hal_timebase_tim.o
      1554         10          0          0          0      10644   stm32f1xx_hal_uart.o
        56         18          0          0          0       4110   stm32f1xx_it.o
         2          0         24          4          0       1047   system_stm32f1xx.o
      3132        258          0         60       1220      33324   tasks.o
       852         68          0          0        216       4364   tim.o
       972         80          0         20        280      29183   timers.o
       516         84          0          2        672       3642   usart.o

    ----------------------------------------------------------------------
     31122       3860       1384        260      14516     904692   Object Totals
         0          0         32          0          0          0   (incl. Generated)
        82          0          3          6          4          0   (incl. Padding)

    ----------------------------------------------------------------------

      Code (inc. data)   RO Data    RW Data    ZI Data      Debug   Library Member Name

         0          0          0          0          0          0   entry.o
         0          0          0          0          0          0   entry10a.o
         0          0          0          0          0          0   entry11a.o
         4          0          0          0          0          0   entry12b.o
         8          4          0          0          0          0   entry2.o
         4          0          0          0          0          0   entry5.o
         0          0          0          0          0          0   entry7b.o
         0          0          0          0          0          0   entry8b.o
         8          4          0          0          0          0   entry9a.o
        30          0          0          0          0          0   handlers.o
        36          8          0          0          0         68   init.o
        30          0          0          0          0         68   llshl.o
        32          0          0          0          0         68   llushr.o
        36          0          0          0          0         68   memcpya.o
        36          0          0          0          0        108   memseta.o
       916         20          0          0          0        504   printf6.o
        36         10          0          4          0        136   rand.o
         0          0          0          4          0          0   stdout.o
        18          0          0          0          0         68   strcpy.o
        14          0          0          0          0         68   strlen.o
        30          0          0          0          0         80   strncmp.o
        36          0          0          0          0         80   strstr.o
        44          0          0          0          0         80   uidiv.o
        98          0          0          0          0         92   uldiv.o

    ----------------------------------------------------------------------
      1418         46          0          8          0       1488   Library Totals
         2          0          0          0          0          0   (incl. Padding)

    ----------------------------------------------------------------------

      Code (inc. data)   RO Data    RW Data    ZI Data      Debug   Library Name

      1416         46          0          8          0       1488   mc_w.l

    ----------------------------------------------------------------------
      1418         46          0          8          0       1488   Library Totals

    ----------------------------------------------------------------------

==============================================================================


      Code (inc. data)   RO Data    RW Data    ZI Data      Debug   

     32540       3906       1384        268      14516     888132   Grand Totals
     32540       3906       1384        268      14516     888132   ELF Image Totals
     32540       3906       1384        268          0          0   ROM Totals

==============================================================================

    Total RO  Size (Code + RO Data)                33924 (  33.13kB)
    Total RW  Size (RW Data + ZI Data)             14784 (  14.44kB)
    Total ROM Size (Code + RO Data + RW Data)      34192 (  33.39kB)

==============================================================================

